Component: ARM Compiler 5.06 update 5 (build 528) Tool: armlink [4d35e2]

==============================================================================

Section Cross References

    demoapplication.o(i._Z10Radio_Initv) refers to mbed_wait_api_no_rtos.o(i.wait_ms) for wait_ms
    demoapplication.o(i._Z10Radio_Initv) refers to sx1280.o(i._ZN6SX12804InitEv) for SX1280::Init()
    demoapplication.o(i._Z10Radio_Initv) refers to sx1280.o(i._ZN6SX128016SetRegulatorModeE21RadioRegulatorModes_t) for SX1280::SetRegulatorMode(RadioRegulatorModes_t)
    demoapplication.o(i._Z10Radio_Initv) refers to sx1280.o(i._ZN6SX128010SetStandbyE19RadioStandbyModes_t) for SX1280::SetStandby(RadioStandbyModes_t)
    demoapplication.o(i._Z10Radio_Initv) refers to rt_memclr_w.o(.text) for __aeabi_memclr4
    demoapplication.o(i._Z10Radio_Initv) refers to demoapplication.o(.bss) for Radio
    demoapplication.o(i._Z10Radio_Initv) refers to demoapplication.o(.data) for BufferSize
    demoapplication.o(i._Z11Transceiverh) refers to sx1280.o(i._ZN6SX128011SendPayloadEPhh10TickTime_sh) for SX1280::SendPayload(unsigned char*, unsigned char, TickTime_s, unsigned char)
    demoapplication.o(i._Z11Transceiverh) refers to demoapplication.o(i._Z15UART_SendStringPh) for UART_SendString(unsigned char*)
    demoapplication.o(i._Z11Transceiverh) refers to demoapplication.o(i._Z15convInt32ToTexti) for convInt32ToText(int)
    demoapplication.o(i._Z11Transceiverh) refers to stm32l4xx_hal_uart.o(i.HAL_UART_Transmit) for HAL_UART_Transmit
    demoapplication.o(i._Z11Transceiverh) refers to demoapplication.o(i._ZN4mbed10DigitalOutcviEv) for mbed::DigitalOut::operator int()
    demoapplication.o(i._Z11Transceiverh) refers to sx1280-hal.o(i._ZN4mbed10DigitalOutaSEi) for mbed::DigitalOut::operator =(int)
    demoapplication.o(i._Z11Transceiverh) refers to stm32l4xx_hal.o(i.HAL_Delay) for HAL_Delay
    demoapplication.o(i._Z11Transceiverh) refers to sx1280.o(i._ZN6SX128015SetDioIrqParamsEtttt) for SX1280::SetDioIrqParams(unsigned short, unsigned short, unsigned short, unsigned short)
    demoapplication.o(i._Z11Transceiverh) refers to sx1280.o(i._ZN6SX128014ClearIrqStatusEt) for SX1280::ClearIrqStatus(unsigned short)
    demoapplication.o(i._Z11Transceiverh) refers to sx1280.o(i._ZN6SX128010GetPayloadEPhS0_h) for SX1280::GetPayload(unsigned char*, unsigned char*, unsigned char)
    demoapplication.o(i._Z11Transceiverh) refers to sx1280.o(i._ZN6SX12805SetRxE10TickTime_s) for SX1280::SetRx(TickTime_s)
    demoapplication.o(i._Z11Transceiverh) refers to sx1280.o(i._ZN6SX128012GetIrqStatusEv) for SX1280::GetIrqStatus()
    demoapplication.o(i._Z11Transceiverh) refers to demoapplication.o(.data) for triCount
    demoapplication.o(i._Z11Transceiverh) refers to demoapplication.o(.bss) for tx_rx_Buffer
    demoapplication.o(i._Z11Transceiverh) refers to demoapplication.o(.constdata) for .constdata
    demoapplication.o(i._Z15UART_SendStringPh) refers to strlen.o(.text) for strlen
    demoapplication.o(i._Z15UART_SendStringPh) refers to stm32l4xx_hal_uart.o(i.HAL_UART_Transmit) for HAL_UART_Transmit
    demoapplication.o(i._Z15UART_SendStringPh) refers to demoapplication.o(.bss) for huart2
    demoapplication.o(i._Z15convInt32ToTexti) refers to demoapplication.o(.bss) for pValueToTextBuffer
    demoapplication.o(i._Z9Para_Inith) refers to sx1280.o(i._ZN6SX128010SetStandbyE19RadioStandbyModes_t) for SX1280::SetStandby(RadioStandbyModes_t)
    demoapplication.o(i._Z9Para_Inith) refers to sx1280.o(i._ZN6SX128013SetPacketTypeE18RadioPacketTypes_t) for SX1280::SetPacketType(RadioPacketTypes_t)
    demoapplication.o(i._Z9Para_Inith) refers to sx1280.o(i._ZN6SX128014SetRfFrequencyEj) for SX1280::SetRfFrequency(unsigned)
    demoapplication.o(i._Z9Para_Inith) refers to sx1280.o(i._ZN6SX128022SetBufferBaseAddressesEhh) for SX1280::SetBufferBaseAddresses(unsigned char, unsigned char)
    demoapplication.o(i._Z9Para_Inith) refers to sx1280-hal.o(i._ZN9SX1280Hal12WriteCommandE15RadioCommands_uPht) for SX1280Hal::WriteCommand(RadioCommands_u, unsigned char*, unsigned short)
    demoapplication.o(i._Z9Para_Inith) refers to sx1280.o(i._ZN6SX128011SetSyncWordEhPh) for SX1280::SetSyncWord(unsigned char, unsigned char*)
    demoapplication.o(i._Z9Para_Inith) refers to sx1280.o(i._ZN6SX128010SetCrcSeedEPh) for SX1280::SetCrcSeed(unsigned char*)
    demoapplication.o(i._Z9Para_Inith) refers to sx1280.o(i._ZN6SX128016SetCrcPolynomialEt) for SX1280::SetCrcPolynomial(unsigned short)
    demoapplication.o(i._Z9Para_Inith) refers to sx1280-hal.o(i._ZN9SX1280Hal13WriteRegisterEth) for SX1280Hal::WriteRegister(unsigned short, unsigned char)
    demoapplication.o(i._Z9Para_Inith) refers to sx1280.o(i._ZN6SX128011SetTxParamsEa16RadioRampTimes_t) for SX1280::SetTxParams(signed char, RadioRampTimes_t)
    demoapplication.o(i._Z9Para_Inith) refers to sx1280.o(i._ZN6SX12805SetRxE10TickTime_s) for SX1280::SetRx(TickTime_s)
[...]
    spi_format                               0x08009cf1   Thumb Code   132  stm_spi_api.o(i.spi_format)
    spi_frequency                            0x08009d79   Thumb Code    92  stm_spi_api.o(i.spi_frequency)
    spi_get_clock_freq                       0x08009ddd   Thumb Code    52  spi_api.o(i.spi_get_clock_freq)
    spi_init                                 0x08009e2d   Thumb Code   340  stm_spi_api.o(i.spi_init)
    spi_irq_handler_asynch                   0x08009fc1   Thumb Code   104  stm_spi_api.o(i.spi_irq_handler_asynch)
    spi_master_transfer                      0x0800a0e3   Thumb Code   204  stm_spi_api.o(i.spi_master_transfer)
    spi_master_write                         0x0800a1b5   Thumb Code    46  stm_spi_api.o(i.spi_master_write)
    sqrt                                     0x0800a1e3   Thumb Code   110  sqrt.o(i.sqrt)
    ticker_insert_event                      0x0800a251   Thumb Code    80  mbed_ticker_api.o(i.ticker_insert_event)
    ticker_irq_handler                       0x0800a2a1   Thumb Code    78  mbed_ticker_api.o(i.ticker_irq_handler)
    ticker_remove_event                      0x0800a2ef   Thumb Code    68  mbed_ticker_api.o(i.ticker_remove_event)
    ticker_set_handler                       0x0800a333   Thumb Code    18  mbed_ticker_api.o(i.ticker_set_handler)
    timer_irq_handler                        0x0800a345   Thumb Code    90  hal_tick_32b.o(i.timer_irq_handler)
    us_ticker_clear_interrupt                0x0800a3a9   Thumb Code    14  us_ticker_32b.o(i.us_ticker_clear_interrupt)
    us_ticker_disable_interrupt              0x0800a3c1   Thumb Code    16  us_ticker_32b.o(i.us_ticker_disable_interrupt)
    us_ticker_init                           0x0800a3d9   Thumb Code    26  us_ticker_32b.o(i.us_ticker_init)
    us_ticker_irq_handler                    0x0800a401   Thumb Code     6  mbed_us_ticker_api.o(i.us_ticker_irq_handler)
    us_ticker_read                           0x0800a40d   Thumb Code    30  us_ticker_32b.o(i.us_ticker_read)
    us_ticker_set_interrupt                  0x0800a43d   Thumb Code    18  us_ticker_32b.o(i.us_ticker_set_interrupt)
    wait                                     0x0800a459   Thumb Code    36  mbed_wait_api_no_rtos.o(i.wait)
    wait_ms                                  0x0800a481   Thumb Code    28  mbed_wait_api_no_rtos.o(i.wait_ms)
    wait_us                                  0x0800a49d   Thumb Code    24  mbed_wait_api_no_rtos.o(i.wait_us)
    _get_lc_numeric                          0x0800a4b5   Thumb Code    44  lc_numeric_c.o(locale$$code)
    _get_lc_ctype                            0x0800a4e1   Thumb Code    44  lc_ctype_c.o(locale$$code)
    SingletonPtr<PlatformMutex>::operator ->() 0x0800a50d   Thumb Code    36  FileBase.o(t._ZN12SingletonPtrI13PlatformMutexEptEv)
    mbed::Transaction<mbed::SPI>::Transaction() 0x0800a539   Thumb Code    26  SPI.o(t._ZN4mbed11TransactionINS_3SPIEEC1Ev)
    mbed::Transaction<mbed::SPI>::Transaction__sub_object() 0x0800a539   Thumb Code     0  SPI.o(t._ZN4mbed11TransactionINS_3SPIEEC1Ev)
    mbed::Transaction<mbed::SPI>::~Transaction() 0x0800a553   Thumb Code    22  SPI.o(t._ZN4mbed11TransactionINS_3SPIEED1Ev)
    mbed::Transaction<mbed::SPI>::~Transaction__sub_object() 0x0800a553   Thumb Code     0  SPI.o(t._ZN4mbed11TransactionINS_3SPIEED1Ev)
    mbed::CircularBuffer<mbed::Transaction<mbed::SPI>, (unsigned)2, unsigned>::~CircularBuffer() 0x0800a569   Thumb Code    18  SPI.o(t._ZN4mbed14CircularBufferINS_11TransactionINS_3SPIEEELj2EjED1Ev)
    mbed::CircularBuffer<mbed::Transaction<mbed::SPI>, (unsigned)2, unsigned>::~CircularBuffer__sub_object() 0x0800a569   Thumb Code     0  SPI.o(t._ZN4mbed14CircularBufferINS_11TransactionINS_3SPIEEELj2EjED1Ev)
    void mbed::Callback<void()>::function_call<void(*)()>(const void*) 0x0800a581   Thumb Code     4  InterruptIn.o(t._ZN4mbed8CallbackIFvvEE13function_callIPS1_EEvPKv)
    void mbed::Callback<void()>::function_dtor<void(*)()>(void*) 0x0800a585   Thumb Code     2  InterruptIn.o(t._ZN4mbed8CallbackIFvvEE13function_dtorIPS1_EEvPv)
    void mbed::Callback<void()>::function_move<void(*)()>(void*, const void*) 0x0800a587   Thumb Code    10  InterruptIn.o(t._ZN4mbed8CallbackIFvvEE13function_moveIPS1_EEvPvPKv)
    mbed::Callback<void()>::Callback(void(*)()) 0x0800a591   Thumb Code    34  timers.o(t._ZN4mbed8CallbackIFvvEEC1EPS1_)
    mbed::Callback<void()>::Callback__sub_object(void(*)()) 0x0800a591   Thumb Code     0  timers.o(t._ZN4mbed8CallbackIFvvEEC1EPS1_)
    CThunk<mbed::SPI>::trampoline(mbed::SPI*, void*, void(mbed::SPI::**)(void*)) 0x0800a5b9   Thumb Code    54  SPI.o(t._ZN6CThunkIN4mbed3SPIEE10trampolineEPS1_PvPMS1_FvS4_E)
    __aeabi_dneg                             0x0800a5ef   Thumb Code     0  basic.o(x$fpl$basic)
    _dneg                                    0x0800a5ef   Thumb Code     6  basic.o(x$fpl$basic)
    __aeabi_fneg                             0x0800a5f5   Thumb Code     0  basic.o(x$fpl$basic)
    _fneg                                    0x0800a5f5   Thumb Code     6  basic.o(x$fpl$basic)
    _dabs                                    0x0800a5fb   Thumb Code     6  basic.o(x$fpl$basic)
    _fabs                                    0x0800a601   Thumb Code     6  basic.o(x$fpl$basic)
    __aeabi_dadd                             0x0800a609   Thumb Code     0  daddsub_clz.o(x$fpl$dadd)
    _dadd                                    0x0800a609   Thumb Code   332  daddsub_clz.o(x$fpl$dadd)
    __fpl_dcheck_NaN1                        0x0800a759   Thumb Code    10  dcheck1.o(x$fpl$dcheck1)
    __fpl_dcmp_Inf                           0x0800a769   Thumb Code    24  dcmpi.o(x$fpl$dcmpinf)
    __aeabi_ddiv                             0x0800a781   Thumb Code     0  ddiv.o(x$fpl$ddiv)
    _ddiv                                    0x0800a781   Thumb Code   552  ddiv.o(x$fpl$ddiv)
    __aeabi_d2uiz                            0x0800aa31   Thumb Code     0  dfixu.o(x$fpl$dfixu)
    _dfixu                                   0x0800aa31   Thumb Code    90  dfixu.o(x$fpl$dfixu)
    __aeabi_i2d                              0x0800aa8b   Thumb Code     0  dflt_clz.o(x$fpl$dflt)
    _dflt                                    0x0800aa8b   Thumb Code    46  dflt_clz.o(x$fpl$dflt)
    __aeabi_ui2d                             0x0800aab9   Thumb Code     0  dflt_clz.o(x$fpl$dfltu)
    _dfltu                                   0x0800aab9   Thumb Code    38  dflt_clz.o(x$fpl$dfltu)
    __aeabi_cdcmple                          0x0800aae1   Thumb Code     0  dleqf.o(x$fpl$dleqf)
    _dcmple                                  0x0800aae1   Thumb Code   120  dleqf.o(x$fpl$dleqf)
    __fpl_dcmple_InfNaN                      0x0800ab43   Thumb Code     0  dleqf.o(x$fpl$dleqf)
    __aeabi_dmul                             0x0800ab59   Thumb Code     0  dmul.o(x$fpl$dmul)
    _dmul                                    0x0800ab59   Thumb Code   332  dmul.o(x$fpl$dmul)
    __fpl_dnaninf                            0x0800acad   Thumb Code   156  dnaninf.o(x$fpl$dnaninf)
    __fpl_dretinf                            0x0800ad49   Thumb Code    12  dretinf.o(x$fpl$dretinf)
    __aeabi_cdrcmple                         0x0800ad55   Thumb Code     0  drleqf.o(x$fpl$drleqf)
    _drcmple                                 0x0800ad55   Thumb Code   108  drleqf.o(x$fpl$drleqf)
    __aeabi_drsub                            0x0800adc1   Thumb Code     0  daddsub_clz.o(x$fpl$drsb)
    _drsb                                    0x0800adc1   Thumb Code    22  daddsub_clz.o(x$fpl$drsb)
    _dsqrt                                   0x0800add9   Thumb Code   404  dsqrt_umaal.o(x$fpl$dsqrt)
    __aeabi_dsub                             0x0800af71   Thumb Code     0  daddsub_clz.o(x$fpl$dsub)
    _dsub                                    0x0800af71   Thumb Code   464  daddsub_clz.o(x$fpl$dsub)
    _fp_init                                 0x0800b145   Thumb Code    10  fpinit.o(x$fpl$fpinit)
    __fplib_config_fpu_vfp                   0x0800b14d   Thumb Code     0  fpinit.o(x$fpl$fpinit)
    __fplib_config_pureend_doubles           0x0800b14d   Thumb Code     0  fpinit.o(x$fpl$fpinit)
    _printf_fp_dec                           0x0800b14f   Thumb Code     4  printf1.o(x$fpl$printf1)
    _printf_fp_hex                           0x0800b153   Thumb Code     4  printf2.o(x$fpl$printf2)
    __fpl_return_NaN                         0x0800b157   Thumb Code   100  retnan.o(x$fpl$retnan)
    __ARM_scalbn                             0x0800b1bb   Thumb Code    92  scalbn.o(x$fpl$scalbn)
    __fpl_cmpreturn                          0x0800b217   Thumb Code    48  trapv.o(x$fpl$trapveneer)
    __I$use$fp                               0x0800b246   Number         0  usenofp.o(x$fpl$usenofp)
    pin_lines_desc                           0x0800b25c   Data         192  gpio_irq_device.o(.constdata)
    __stdin_name                             0x0800b31c   Data           7  mbed_retarget.o(.constdata)
    __stdout_name                            0x0800b323   Data           8  mbed_retarget.o(.constdata)
    __stderr_name                            0x0800b32b   Data           8  mbed_retarget.o(.constdata)
    PinMap_UART_TX                           0x0800b334   Data         132  PeripheralPins.o(.constdata)
    PinMap_UART_RX                           0x0800b3b8   Data         132  PeripheralPins.o(.constdata)
    PinMap_SPI_MOSI                          0x0800b43c   Data          72  PeripheralPins.o(.constdata)
    PinMap_SPI_MISO                          0x0800b484   Data          72  PeripheralPins.o(.constdata)
    PinMap_SPI_SCLK                          0x0800b4cc   Data          72  PeripheralPins.o(.constdata)
    PinMap_SPI_SSEL                          0x0800b514   Data          60  PeripheralPins.o(.constdata)
    ll_pin_defines                           0x0800b550   Data          64  pinmap.o(.constdata)
    AHBPrescTable                            0x0800b5a0   Data          16  system_stm32l4xx.o(.constdata)
    MSIRangeTable                            0x0800b5b0   Data          48  system_stm32l4xx.o(.constdata)
    APBPrescTable                            0x0800b5e0   Data           8  system_stm32l4xx.o(.constdata)
    __mathlib_zero                           0x0800b6e0   Data           8  qnan.o(.constdata)
    vtable for Radio                         0x0800b7a4   Data          60  sx1280-hal.o(.constdata__ZTV5Radio)
    vtable for SX1280                        0x0800b7e0   Data          76  sx1280.o(.constdata__ZTV6SX1280)
    vtable for SX1280Hal                     0x0800b82c   Data          84  sx1280-hal.o(.constdata__ZTV9SX1280Hal)
    vtable for mbed::TimerEvent              0x0800b880   Data          20  TimerEvent.o(.constdata__ZTVN4mbed10TimerEventE)
    vtable for mbed::InterruptIn             0x0800b894   Data          16  InterruptIn.o(.constdata__ZTVN4mbed11InterruptInE)
    vtable for mbed::SPI                     0x0800b8a4   Data          28  SPI.o(.constdata__ZTVN4mbed3SPIE)
    vtable for mbed::Ticker                  0x0800b8c0   Data          20  Ticker.o(.constdata__ZTVN4mbed6TickerE)
    SingletonPtr<PlatformMutex>::get()::string 0x0800b8d4   Data          20  mbed_retarget.o(.constdata__ZZN12SingletonPtrI13PlatformMutexE3getEvEs)
    SingletonPtr<PlatformMutex>::get()::string (instance 2) 0x0800b8e8   Data          92  mbed_retarget.o(.constdata__ZZN12SingletonPtrI13PlatformMutexE3getEvEs_0)
    void mbed::Callback<void()>::generate<void(*)()>(const T1&)::ops 0x0800b944   Data          12  InterruptIn.o(.constdata__ZZN4mbed8CallbackIFvvEE8generateIPS1_EEvRKT_E3ops)
    mbed::Callback<void()>::call() const::string 0x0800b950   Data           5  Ticker.o(.constdata__ZZNK4mbed8CallbackIFvvEE4callEvEs)
    mbed::Callback<void()>::call() const::string (instance 2) 0x0800b955   Data          88  Ticker.o(.constdata__ZZNK4mbed8CallbackIFvvEE4callEvEs_0)
    Region$$Table$$Base                      0x0800bb20   Number         0  anon$$obj.o(Region$$Table)
    Region$$Table$$Limit                     0x0800bb40   Number         0  anon$$obj.o(Region$$Table)
    __ctype                                  0x0800bb69   Data           0  lc_ctype_c.o(locale$$data)
    SHT$$INIT_ARRAY$$Base                    0x0800bc6c   Number         0  demoapplication.o(.init_array)
    SHT$$INIT_ARRAY$$Limit                   0x0800bc7c   Number         0  init_aeabi.o(.init_array)
    BufferSize                               0x20000000   Data           1  demoapplication.o(.data)
    g_vIrqMask                               0x20000002   Data           2  demoapplication.o(.data)
    g_vaCrcSeedLocal                         0x20000004   Data           3  demoapplication.o(.data)
    CorrValue                                0x20000007   Data           1  demoapplication.o(.data)
    recCount                                 0x20000008   Data           2  demoapplication.o(.data)
    triCount                                 0x2000000a   Data           2  demoapplication.o(.data)
    PreviousVal                              0x20000018   Data           4  hal_tick_32b.o(.data)
    stdio_uart_inited                        0x20000024   Data           4  serial_api.o(.data)
    uwTick                                   0x2000002c   Data           4  stm32l4xx_hal.o(.data)
    SystemCoreClock                          0x20000030   Data           4  system_stm32l4xx.o(.data)
    mbed::SPI::_owner                        0x20000038   Data           4  SPI.o(.data)
    mbed::SPI::_mutex                        0x2000003c   Data           8  SPI.o(.data)
    mbed::FileBase::_head                    0x20000054   Data           4  FileBase.o(.data)
    mbed::FileBase::_mutex                   0x20000058   Data           8  FileBase.o(.data)
    __aeabi_stdin                            0x20000060   Data           4  stdio_streams.o(.data)
    __aeabi_stdout                           0x20000064   Data           4  stdio_streams.o(.data)
    __aeabi_stderr                           0x20000068   Data           4  stdio_streams.o(.data)
    Buffer                                   0x20000070   Data         255  demoapplication.o(.bss)
    Radio                                    0x20000170   Data         188  demoapplication.o(.bss)
    huart2                                   0x2000022c   Data         112  demoapplication.o(.bss)
    TxLed                                    0x2000029c   Data          28  demoapplication.o(.bss)
    RxLed                                    0x200002b8   Data          28  demoapplication.o(.bss)
    tx_rx_Buffer                             0x200002d4   Data          16  demoapplication.o(.bss)
    stdio_uart                               0x2000083c   Data          76  serial_api.o(.bss)
    TimMasterHandle                          0x20000888   Data          60  us_ticker_32b.o(.bss)
    TickTimer                                0x200008c4   Data          40  timers.o(.bss)
    BTLed                                    0x200008ec   Data          28  main.o(.bss)
    mbed::SPI::_transaction_buffer           0x20000908   Data         100  SPI.o(.bss)
    __stdin                                  0x20000970   Data          84  stdio_streams.o(.bss)
    __stdout                                 0x200009c4   Data          84  stdio_streams.o(.bss)
    __stderr                                 0x20000a18   Data          84  stdio_streams.o(.bss)
    Image$$RW_IRAM1$$ZI$$Limit               0x20000a84   Number         0  anon$$obj.o ABSOLUTE



==============================================================================

Memory Map of the image

  Image Entry point : 0x08000189

  Load Region LR_IROM1 (Base: 0x08000000, Size: 0x0000bcec, Max: 0x00100000, ABSOLUTE)

    Execution Region ER_IROM1 (Exec base: 0x08000000, Load base: 0x08000000, Size: 0x0000bc7c, Max: 0x00100000, ABSOLUTE)

    Exec Addr    Load Addr    Size         Type   Attr      Idx    E Section Name        Object

    0x08000000   0x08000000   0x00000188   Data   RO         2059    RESET               startup_stm32l476xx.o
    0x08000188   0x08000188   0x00000008   Code   RO         6313  * !!!main             c_w.l(__main.o)
    0x08000190   0x08000190   0x00000034   Code   RO         7049    !!!scatter          c_w.l(__scatter.o)
    0x080001c4   0x080001c4   0x0000001a   Code   RO         7051    !!handler_copy      c_w.l(__scatter_copy.o)
    0x080001de   0x080001de   0x00000002   PAD
    0x080001e0   0x080001e0   0x0000001c   Code   RO         7053    !!handler_zi        c_w.l(__scatter_zi.o)
    0x080001fc   0x080001fc   0x00000000   Code   RO         6249    .ARM.Collect$$_printf_percent$$00000000  c_w.l(_printf_percent.o)
    0x080001fc   0x080001fc   0x00000006   Code   RO         6536    .ARM.Collect$$_printf_percent$$00000001  c_w.l(_printf_n.o)
    0x08000202   0x08000202   0x00000006   Code   RO         6248    .ARM.Collect$$_printf_percent$$00000002  c_w.l(_printf_p.o)
    0x08000208   0x08000208   0x00000006   Code   RO         6542    .ARM.Collect$$_printf_percent$$00000003  c_w.l(_printf_f.o)
    0x0800020e   0x0800020e   0x00000006   Code   RO         6543    .ARM.Collect$$_printf_percent$$00000004  c_w.l(_printf_e.o)
    0x08000214   0x08000214   0x00000006   Code   RO         6544    .ARM.Collect$$_printf_percent$$00000005  c_w.l(_printf_g.o)
    0x0800021a   0x0800021a   0x00000006   Code   RO         6545    .ARM.Collect$$_printf_percent$$00000006  c_w.l(_printf_a.o)
    0x08000220   0x08000220   0x0000000a   Code   RO         6550    .ARM.Collect$$_printf_percent$$00000007  c_w.l(_printf_ll.o)
    0x0800022a   0x0800022a   0x00000006   Code   RO         6539    .ARM.Collect$$_printf_percent$$00000008  c_w.l(_printf_i.o)
    0x08000230   0x08000230   0x00000006   Code   RO         6540    .ARM.Collect$$_printf_percent$$00000009  c_w.l(_printf_d.o)
    0x08000236   0x08000236   0x00000006   Code   RO         6541    .ARM.Collect$$_printf_percent$$0000000A  c_w.l(_printf_u.o)
    0x0800023c   0x0800023c   0x00000006   Code   RO         6538    .ARM.Collect$$_printf_percent$$0000000B  c_w.l(_printf_o.o)
    0x08000242   0x08000242   0x00000006   Code   RO         6537    .ARM.Collect$$_printf_percent$$0000000C  c_w.l(_printf_x.o)
    0x08000248   0x08000248   0x00000006   Code   RO         6547    .ARM.Collect$$_printf_percent$$0000000D  c_w.l(_printf_lli.o)
    0x0800024e   0x0800024e   0x00000006   Code   RO         6548    .ARM.Collect$$_printf_percent$$0000000E  c_w.l(_printf_lld.o)
    0x08000254   0x08000254   0x00000006   Code   RO         6549    .ARM.Collect$$_printf_percent$$0000000F  c_w.l(_printf_llu.o)
    0x0800025a   0x0800025a   0x00000006   Code   RO         6554    .ARM.Collect$$_printf_percent$$00000010  c_w.l(_printf_llo.o)
    0x08000260   0x08000260   0x00000006   Code   RO         6555    .ARM.Collect$$_printf_percent$$00000011  c_w.l(_printf_llx.o)
    0x08000266   0x08000266   0x0000000a   Code   RO         6551    .ARM.Collect$$_printf_percent$$00000012  c_w.l(_printf_l.o)
    0x08000270   0x08000270   0x00000006   Code   RO         6534    .ARM.Collect$$_printf_percent$$00000013  c_w.l(_printf_c.o)
    0x08000276   0x08000276   0x00000006   Code   RO         6535    .ARM.Collect$$_printf_percent$$00000014  c_w.l(_printf_s.o)
    0x0800027c   0x0800027c   0x00000006   Code   RO         6552    .ARM.Collect$$_printf_percent$$00000015  c_w.l(_printf_lc.o)
    0x08000282   0x08000282   0x00000006   Code   RO         6553    .ARM.Collect$$_printf_percent$$00000016  c_w.l(_printf_ls.o)
    0x08000288   0x08000288   0x00000004   Code   RO         6546    .ARM.Collect$$_printf_percent$$00000017  c_w.l(_printf_percent_end.o)
    0x0800028c   0x0800028c   0x00000002   Code   RO         6945    .ARM.Collect$$libinit$$00000000  c_w.l(libinit.o)
    0x0800028e   0x0800028e   0x00000004   Code   RO         6604    .ARM.Collect$$libinit$$00000001  c_w.l(libinit2.o)
    0x08000292   0x08000292   0x00000000   Code   RO         6607    .ARM.Collect$$libinit$$00000004  c_w.l(libinit2.o)
    0x08000292   0x08000292   0x00000008   Code   RO         6608    .ARM.Collect$$libinit$$00000005  c_w.l(libinit2.o)
    0x0800029a   0x0800029a   0x00000000   Code   RO         6610    .ARM.Collect$$libinit$$0000000A  c_w.l(libinit2.o)
    0x0800029a   0x0800029a   0x00000000   Code   RO         6612    .ARM.Collect$$libinit$$0000000C  c_w.l(libinit2.o)
    0x0800029a   0x0800029a   0x00000000   Code   RO         6614    .ARM.Collect$$libinit$$0000000E  c_w.l(libinit2.o)
    0x0800029a   0x0800029a   0x00000006   Code   RO         6615    .ARM.Collect$$libinit$$0000000F  c_w.l(libinit2.o)
    0x080002a0   0x080002a0   0x00000000   Code   RO         6617    .ARM.Collect$$libinit$$00000011  c_w.l(libinit2.o)
    0x080002a0   0x080002a0   0x0000000c   Code   RO         6618    .ARM.Collect$$libinit$$00000012  c_w.l(libinit2.o)
    0x080002ac   0x080002ac   0x00000000   Code   RO         6619    .ARM.Collect$$libinit$$00000013  c_w.l(libinit2.o)
    0x080002ac   0x080002ac   0x00000000   Code   RO         6621    .ARM.Collect$$libinit$$00000015  c_w.l(libinit2.o)
    0x080002ac   0x080002ac   0x0000000a   Code   RO         6622    .ARM.Collect$$libinit$$00000016  c_w.l(libinit2.o)
    0x080002b6   0x080002b6   0x00000000   Code   RO         6623    .ARM.Collect$$libinit$$00000017  c_w.l(libinit2.o)
    0x080002b6   0x080002b6   0x00000000   Code   RO         6625    .ARM.Collect$$libinit$$00000019  c_w.l(libinit2.o)
    0x080002b6   0x080002b6   0x00000000   Code   RO         6627    .ARM.Collect$$libinit$$0000001B  c_w.l(libinit2.o)
    0x080002b6   0x080002b6   0x00000000   Code   RO         6629    .ARM.Collect$$libinit$$0000001D  c_w.l(libinit2.o)
    0x080002b6   0x080002b6   0x00000000   Code   RO         6631    .ARM.Collect$$libinit$$0000001F  c_w.l(libinit2.o)
    0x080002b6   0x080002b6   0x00000000   Code   RO         6633    .ARM.Collect$$libinit$$00000021  c_w.l(libinit2.o)
    0x080002b6   0x080002b6   0x00000000   Code   RO         6635    .ARM.Collect$$libinit$$00000023  c_w.l(libinit2.o)
    0x080002b6   0x080002b6   0x00000004   Code   RO         6636    .ARM.Collect$$libinit$$00000024  c_w.l(libinit2.o)
    0x080002ba   0x080002ba   0x00000000   Code   RO         6637    .ARM.Collect$$libinit$$00000025  c_w.l(libinit2.o)
    0x080002ba   0x080002ba   0x00000000   Code   RO         6641    .ARM.Collect$$libinit$$0000002C  c_w.l(libinit2.o)
    0x080002ba   0x080002ba   0x00000000   Code   RO         6643    .ARM.Collect$$libinit$$0000002E  c_w.l(libinit2.o)
    0x080002ba   0x080002ba   0x00000000   Code   RO         6645    .ARM.Collect$$libinit$$00000030  c_w.l(libinit2.o)
    0x080002ba   0x080002ba   0x00000004   Code   RO         6646    .ARM.Collect$$libinit$$00000031  c_w.l(libinit2.o)
    0x080002be   0x080002be   0x00000000   Code   RO         6647    .ARM.Collect$$libinit$$00000032  c_w.l(libinit2.o)
    0x080002be   0x080002be   0x00000002   Code   RO         6648    .ARM.Collect$$libinit$$00000033  c_w.l(libinit2.o)
    0x080002c0   0x080002c0   0x00000000   Code   RO         6839    .ARM.Collect$$libshutdown$$00000004  c_w.l(libshutdown2.o)
    0x080002c0   0x080002c0   0x00000000   Code   RO         6471    .ARM.Collect$$rtentry$$00000000  c_w.l(__rtentry.o)
    0x080002c0   0x080002c0   0x00000000   Code   RO         6734    .ARM.Collect$$rtentry$$00000002  c_w.l(__rtentry2.o)
    0x080002c0   0x080002c0   0x00000006   Code   RO         6746    .ARM.Collect$$rtentry$$00000004  c_w.l(__rtentry4.o)
    0x080002c6   0x080002c6   0x00000008   Code   RO         6735    .ARM.Collect$$rtentry$$00000008  c_w.l(__rtentry2.o)
    0x080002ce   0x080002ce   0x00000004   Code   RO         6737    .ARM.Collect$$rtentry$$0000000A  c_w.l(__rtentry2.o)
    0x080002d2   0x080002d2   0x00000000   Code   RO         6739    .ARM.Collect$$rtentry$$0000000C  c_w.l(__rtentry2.o)
    0x080002d2   0x080002d2   0x00000008   Code   RO         6740    .ARM.Collect$$rtentry$$0000000D  c_w.l(__rtentry2.o)
    0x080002da   0x080002da   0x00000002   PAD
    0x080002dc   0x080002dc   0x00000000   Code   RO         6754    .emb_text           c_w.l(maybetermalloc1.o)
    0x080002dc   0x080002dc   0x00000024   Code   RO         2060    .text               startup_stm32l476xx.o
    0x08000300   0x08000300   0x00000008   Code   RO         6124    .text               c_w.l(rt_errno_addr.o)
    0x08000308   0x08000308   0x0000005e   Code   RO         6133    .text               c_w.l(h1_alloc.o)
    0x08000366   0x08000366   0x0000004e   Code   RO         6135    .text               c_w.l(h1_free.o)
    0x080003b4   0x080003b4   0x000000ee   Code   RO         6191    .text               c_w.l(lludivv7m.o)
    0x080004a2   0x080004a2   0x00000002   PAD
    0x080004a4   0x080004a4   0x00000034   Code   RO         6193    .text               c_w.l(vsnprintf.o)
    0x080004d8   0x080004d8   0x00000094   Code   RO         6225    .text               c_w.l(_printf_hex_int_ll_ptr.o)
    0x0800056c   0x0800056c   0x0000018e   Code   RO         6245    .text               c_w.l(__printf_flags_ss_wp.o)
    0x080006fa   0x080006fa   0x00000002   PAD
    0x080006fc   0x080006fc   0x0000003c   Code   RO         6252    .text               c_w.l(__0sscanf.o)
    0x08000738   0x08000738   0x00000152   Code   RO         6254    .text               c_w.l(_scanf_int.o)
    0x0800088a   0x0800088a   0x00000002   PAD
    0x0800088c   0x0800088c   0x00000064   Code   RO         6256    .text               c_w.l(fflush.o)
    0x080008f0   0x080008f0   0x000000ec   Code   RO         6270    .text               c_w.l(fopen.o)
    0x080009dc   0x080009dc   0x0000004c   Code   RO         6280    .text               c_w.l(fclose.o)
    0x08000a28   0x08000a28   0x0000003e   Code   RO         6292    .text               c_w.l(strlen.o)
    0x08000a66   0x08000a66   0x00000096   Code   RO         6294    .text               c_w.l(strncmp.o)
    0x08000afc   0x08000afc   0x00000064   Code   RO         6298    .text               c_w.l(rt_memcpy_w.o)
    0x08000b60   0x08000b60   0x00000010   Code   RO         6300    .text               c_w.l(aeabi_memset.o)
    0x08000b70   0x08000b70   0x00000044   Code   RO         6302    .text               c_w.l(rt_memclr.o)
    0x08000bb4   0x08000bb4   0x0000004e   Code   RO         6304    .text               c_w.l(rt_memclr_w.o)
    0x08000c02   0x08000c02   0x00000002   PAD
    0x08000c04   0x08000c04   0x00000080   Code   RO         6306    .text               c_w.l(strcmpv7m.o)
    0x08000c84   0x08000c84   0x00000024   Code   RO         6318    .text               c_w.l(init_aeabi.o)
    0x08000ca8   0x08000ca8   0x00000022   Code   RO         6433    .text               cpprt_w.l(aeabi_vec_dtor_noexceptions.o)
    0x08000cca   0x08000cca   0x00000002   PAD
    0x08000ccc   0x08000ccc   0x00000008   Code   RO         6476    .text               c_w.l(rt_heap_descriptor.o)
    0x08000cd4   0x08000cd4   0x00000004   Code   RO         6481    .text               c_w.l(hguard.o)
    0x08000cd8   0x08000cd8   0x0000008a   Code   RO         6483    .text               c_w.l(init_alloc.o)
    0x08000d62   0x08000d62   0x0000000e   Code   RO         6487    .text               c_w.l(h1_init.o)
    0x08000d70   0x08000d70   0x00000016   Code   RO         6501    .text               c_w.l(_rserrno.o)
    0x08000d86   0x08000d86   0x0000004e   Code   RO         6503    .text               c_w.l(_printf_pad.o)
    0x08000dd4   0x08000dd4   0x00000024   Code   RO         6505    .text               c_w.l(_printf_truncate.o)
    0x08000df8   0x08000df8   0x00000052   Code   RO         6507    .text               c_w.l(_printf_str.o)
    0x08000e4a   0x08000e4a   0x000000b2   Code   RO         6509    .text               c_w.l(_printf_intcommon.o)
    0x08000efc   0x08000efc   0x00000078   Code   RO         6511    .text               c_w.l(_printf_dec.o)
    0x08000f74   0x08000f74   0x00000028   Code   RO         6513    .text               c_w.l(_printf_charcount.o)
    0x08000f9c   0x08000f9c   0x00000030   Code   RO         6515    .text               c_w.l(_printf_char_common.o)
    0x08000fcc   0x08000fcc   0x0000000a   Code   RO         6517    .text               c_w.l(_sputc.o)
    0x08000fd6   0x08000fd6   0x00000010   Code   RO         6519    .text               c_w.l(_snputc.o)
    0x08000fe6   0x08000fe6   0x00000002   PAD
    0x08000fe8   0x08000fe8   0x000000c2   Code   RO         6523    .text               c_w.l(_printf_wctomb.o)
    0x080010aa   0x080010aa   0x00000002   PAD
    0x080010ac   0x080010ac   0x0000007c   Code   RO         6526    .text               c_w.l(_printf_longlong_dec.o)
    0x08001128   0x08001128   0x00000070   Code   RO         6532    .text               c_w.l(_printf_oct_int_ll.o)
    0x08001198   0x08001198   0x0000001c   Code   RO         6556    .text               c_w.l(_chval.o)
    0x080011b4   0x080011b4   0x0000002c   Code   RO         6562    .text               c_w.l(scanf_char.o)
    0x080011e0   0x080011e0   0x00000040   Code   RO         6564    .text               c_w.l(_sgetc.o)
    0x08001220   0x08001220   0x0000023a   Code   RO         6576    .text               c_w.l(filbuf.o)
    0x0800145a   0x0800145a   0x000001d6   Code   RO         6578    .text               c_w.l(flsbuf.o)
    0x08001630   0x08001630   0x000000f8   Code   RO         6580    .text               c_w.l(fseek.o)
    0x08001728   0x08001728   0x00000046   Code   RO         6582    .text               c_w.l(setvbuf.o)
    0x0800176e   0x0800176e   0x00000002   PAD
    0x08001770   0x08001770   0x000000f0   Code   RO         6584    .text               c_w.l(stdio.o)
    0x08001860   0x08001860   0x00000138   Code   RO         6587    .text               c_w.l(initio.o)
    0x08001998   0x08001998   0x0000000e   Code   RO         6595    .text               c_w.l(defsig_pvfn_outer.o)
    0x080019a6   0x080019a6   0x00000034   Code   RO         6756    .text               c_w.l(h1_extend.o)
    0x080019da   0x080019da   0x0000008a   Code   RO         6760    .text               c_w.l(lludiv10.o)
    0x08001a64   0x08001a64   0x00000012   Code   RO         6762    .text               c_w.l(isspace.o)
    0x08001a76   0x08001a76   0x00000424   Code   RO         6764    .text               c_w.l(_printf_fp_dec.o)
    0x08001e9a   0x08001e9a   0x00000002   PAD
    0x08001e9c   0x08001e9c   0x00000302   Code   RO         6766    .text               c_w.l(_printf_fp_hex.o)
    0x0800219e   0x0800219e   0x0000002c   Code   RO         6771    .text               c_w.l(_printf_char.o)
    0x080021ca   0x080021ca   0x0000002c   Code   RO         6775    .text               c_w.l(_printf_wchar.o)
    0x080021f6   0x080021f6   0x00000002   PAD
    0x080021f8   0x080021f8   0x0000037a   Code   RO         6777    .text               c_w.l(_scanf.o)
    0x08002572   0x08002572   0x00000042   Code   RO         6787    .text               c_w.l(ftell.o)
    0x080025b4   0x080025b4   0x00000038   Code   RO         6795    .text               c_w.l(flushlinebuffered.o)
    0x080025ec   0x080025ec   0x00000040   Code   RO         6813    .text               c_w.l(_wcrtomb.o)
    0x0800262c   0x0800262c   0x0000000a   Code   RO         6815    .text               c_w.l(defsig_exit.o)
    0x08002636   0x08002636   0x0000000e   Code   RO         6817    .text               c_w.l(defsig_rtred_outer.o)
    0x08002644   0x08002644   0x0000000e   Code   RO         6821    .text               c_w.l(defsig_rtmem_outer.o)
    0x08002652   0x08002652   0x00000002   PAD
    0x08002654   0x08002654   0x00000030   Code   RO         6825    .text               c_w.l(defsig_pvfn_inner.o)
    0x08002684   0x08002684   0x00000050   Code   RO         6829    .text               c_w.l(heapauxa.o)
    0x080026d4   0x080026d4   0x0000000c   Code   RO         6876    .text               c_w.l(sys_exit.o)
    0x080026e0   0x080026e0   0x00000010   Code   RO         6878    .text               c_w.l(rt_ctype_table.o)
    0x080026f0   0x080026f0   0x00000008   Code   RO         6880    .text               c_w.l(rt_locale.o)
    0x080026f8   0x080026f8   0x00000080   Code   RO         6892    .text               c_w.l(_printf_fp_infnan.o)
    0x08002778   0x08002778   0x000000e4   Code   RO         6894    .text               c_w.l(bigflt0.o)
    0x0800285c   0x0800285c   0x00000032   Code   RO         6928    .text               c_w.l(defsig_general.o)
    0x0800288e   0x0800288e   0x00000002   PAD
    0x08002890   0x08002890   0x00000034   Code   RO         6934    .text               c_w.l(defsig_rtred_inner.o)
    0x080028c4   0x080028c4   0x00000050   Code   RO         6936    .text               c_w.l(defsig_rtmem_inner.o)
    0x08002914   0x08002914   0x0000000e   Code   RO         6980    .text               c_w.l(sys_wrch.o)
    0x08002922   0x08002922   0x00000002   Code   RO         6982    .text               c_w.l(use_no_semi.o)
    0x08002924   0x08002924   0x00000000   Code   RO         6984    .text               c_w.l(indicate_semi.o)
    0x08002924   0x08002924   0x0000003e   Code   RO         6897    CL$$btod_d2e        c_w.l(btod.o)
    0x08002962   0x08002962   0x00000046   Code   RO         6899    CL$$btod_d2e_denorm_low  c_w.l(btod.o)
    0x080029a8   0x080029a8   0x00000060   Code   RO         6898    CL$$btod_d2e_norm_op1  c_w.l(btod.o)
    0x08002a08   0x08002a08   0x00000338   Code   RO         6907    CL$$btod_div_common  c_w.l(btod.o)
    0x08002d40   0x08002d40   0x000000dc   Code   RO         6904    CL$$btod_e2e        c_w.l(btod.o)
    0x08002e1c   0x08002e1c   0x0000002a   Code   RO         6901    CL$$btod_ediv       c_w.l(btod.o)
    0x08002e46   0x08002e46   0x0000002a   Code   RO         6900    CL$$btod_emul       c_w.l(btod.o)
    0x08002e70   0x08002e70   0x00000244   Code   RO         6906    CL$$btod_mult_common  c_w.l(btod.o)
    0x080030b4   0x080030b4   0x0000000e   Code   RO         1721    i.$Sub$$main        mbed_retarget.o
    0x080030c2   0x080030c2   0x00000002   PAD
    0x080030c4   0x080030c4   0x0000000c   Code   RO         1471    i.CAN1_RX0_IRQHandler  can_api.o
    0x080030d0   0x080030d0   0x0000000c   Code   RO         1472    i.CAN1_SCE_IRQHandler  can_api.o
    0x080030dc   0x080030dc   0x0000000c   Code   RO         1473    i.CAN1_TX_IRQHandler  can_api.o
    0x080030e8   0x080030e8   0x00000018   Code   RO         2072    i.HAL_Delay         stm32l4xx_hal.o
    0x08003100   0x08003100   0x0000000c   Code   RO         2076    i.HAL_GetTick       stm32l4xx_hal.o
    0x0800310c   0x0800310c   0x00000010   Code   RO         2077    i.HAL_IncTick       stm32l4xx_hal.o
    0x0800311c   0x0800311c   0x00000016   Code   RO         2078    i.HAL_Init          stm32l4xx_hal.o
    0x08003132   0x08003132   0x00000002   PAD
    0x08003134   0x08003134   0x000000c0   Code   RO         1591    i.HAL_InitTick      hal_tick_32b.o
    0x080031f4   0x080031f4   0x00000002   Code   RO         3142    i.HAL_MspInit       stm32l4xx_hal_msp_template.o
    0x080031f6   0x080031f6   0x00000002   PAD
    0x080031f8   0x080031f8   0x00000024   Code   RO         2332    i.HAL_NVIC_SetPriorityGrouping  stm32l4xx_hal_cortex.o
    0x0800321c   0x0800321c   0x00000010   Code   RO         3436    i.HAL_PWREx_EnableVddIO2  stm32l4xx_hal_pwr_ex.o
    0x0800322c   0x0800322c   0x00000010   Code   RO         3442    i.HAL_PWREx_GetVoltageRange  stm32l4xx_hal_pwr_ex.o
    0x0800323c   0x0800323c   0x0000001c   Code   RO         3613    i.HAL_RCCEx_DisableLSECSS  stm32l4xx_hal_rcc_ex.o
    0x08003258   0x08003258   0x00000010   Code   RO         3620    i.HAL_RCCEx_EnableMSIPLLMode  stm32l4xx_hal_rcc_ex.o
    0x08003268   0x08003268   0x0000040e   Code   RO         3627    i.HAL_RCCEx_PeriphCLKConfig  stm32l4xx_hal_rcc_ex.o
    0x08003676   0x08003676   0x00000002   PAD
    0x08003678   0x08003678   0x000001a8   Code   RO         3581    i.HAL_RCC_ClockConfig  stm32l4xx_hal_rcc.o
    0x08003820   0x08003820   0x00000040   Code   RO         3584    i.HAL_RCC_GetClockConfig  stm32l4xx_hal_rcc.o
    0x08003860   0x08003860   0x00000030   Code   RO         3587    i.HAL_RCC_GetPCLK1Freq  stm32l4xx_hal_rcc.o
    0x08003890   0x08003890   0x00000030   Code   RO         3588    i.HAL_RCC_GetPCLK2Freq  stm32l4xx_hal_rcc.o
    0x080038c0   0x080038c0   0x0000012c   Code   RO         3589    i.HAL_RCC_GetSysClockFreq  stm32l4xx_hal_rcc.o
    0x080039ec   0x080039ec   0x00000620   Code   RO         3592    i.HAL_RCC_OscConfig  stm32l4xx_hal_rcc.o
    0x0800400c   0x0800400c   0x00000002   Code   RO         4102    i.HAL_SPI_ErrorCallback  stm32l4xx_hal_spi.o
    0x0800400e   0x0800400e   0x000000a4   Code   RO         4105    i.HAL_SPI_IRQHandler  stm32l4xx_hal_spi.o
    0x080040b2   0x080040b2   0x000000c8   Code   RO         4106    i.HAL_SPI_Init      stm32l4xx_hal_spi.o
    0x0800417a   0x0800417a   0x00000002   Code   RO         4108    i.HAL_SPI_MspInit   stm32l4xx_hal_spi.o
    0x0800417c   0x0800417c   0x0000010c   Code   RO         4111    i.HAL_SPI_Receive_IT  stm32l4xx_hal_spi.o
    0x08004288   0x08004288   0x00000002   Code   RO         4112    i.HAL_SPI_RxCpltCallback  stm32l4xx_hal_spi.o
    0x0800428a   0x0800428a   0x000002c4   Code   RO         4115    i.HAL_SPI_TransmitReceive  stm32l4xx_hal_spi.o
    0x0800454e   0x0800454e   0x00000002   PAD
    0x08004550   0x08004550   0x00000110   Code   RO         4117    i.HAL_SPI_TransmitReceive_IT  stm32l4xx_hal_spi.o
    0x08004660   0x08004660   0x000000bc   Code   RO         4119    i.HAL_SPI_Transmit_IT  stm32l4xx_hal_spi.o
    0x0800471c   0x0800471c   0x00000002   Code   RO         4120    i.HAL_SPI_TxCpltCallback  stm32l4xx_hal_spi.o
    0x0800471e   0x0800471e   0x00000002   Code   RO         4122    i.HAL_SPI_TxRxCpltCallback  stm32l4xx_hal_spi.o
    0x08004720   0x08004720   0x00000036   Code   RO         4357    i.HAL_TIM_OC_Init   stm32l4xx_hal_tim.o
    0x08004756   0x08004756   0x00000002   Code   RO         4359    i.HAL_TIM_OC_MspInit  stm32l4xx_hal_tim.o
    0x08004758   0x08004758   0x0000005c   Code   RO         4360    i.HAL_TIM_OC_Start  stm32l4xx_hal_tim.o
    0x080047b4   0x080047b4   0x0000006e   Code   RO         4649    i.HAL_UART_Init     stm32l4xx_hal_uart.o
    0x08004822   0x08004822   0x00000002   Code   RO         4651    i.HAL_UART_MspInit  stm32l4xx_hal_uart.o
    0x08004824   0x08004824   0x0000010e   Code   RO         4657    i.HAL_UART_Transmit  stm32l4xx_hal_uart.o
    0x08004932   0x08004932   0x00000002   PAD
    0x08004934   0x08004934   0x000001a0   Code   RO         3630    i.RCCEx_PLLSAI1_Config  stm32l4xx_hal_rcc_ex.o
    0x08004ad4   0x08004ad4   0x00000164   Code   RO         3631    i.RCCEx_PLLSAI2_Config  stm32l4xx_hal_rcc_ex.o
    0x08004c38   0x08004c38   0x00000048   Code   RO         4124    i.SPI_2linesRxISR_16BIT  stm32l4xx_hal_spi.o
    0x08004c80   0x08004c80   0x0000001c   Code   RO         4125    i.SPI_2linesRxISR_16BITCRC  stm32l4xx_hal_spi.o
    0x08004c9c   0x08004c9c   0x0000007c   Code   RO         4126    i.SPI_2linesRxISR_8BIT  stm32l4xx_hal_spi.o
    0x08004d18   0x08004d18   0x00000032   Code   RO         4127    i.SPI_2linesRxISR_8BITCRC  stm32l4xx_hal_spi.o
    0x08004d4a   0x08004d4a   0x00000046   Code   RO         4128    i.SPI_2linesTxISR_16BIT  stm32l4xx_hal_spi.o
    0x08004d90   0x08004d90   0x0000005a   Code   RO         4129    i.SPI_2linesTxISR_8BIT  stm32l4xx_hal_spi.o
    0x08004dea   0x08004dea   0x00000090   Code   RO         4130    i.SPI_CloseRxTx_ISR  stm32l4xx_hal_spi.o
    0x08004e7a   0x08004e7a   0x000000ae   Code   RO         4131    i.SPI_CloseRx_ISR   stm32l4xx_hal_spi.o
    0x08004f28   0x08004f28   0x00000054   Code   RO         4139    i.SPI_RxISR_16BIT   stm32l4xx_hal_spi.o
    0x08004f7c   0x08004f7c   0x0000001c   Code   RO         4140    i.SPI_RxISR_16BITCRC  stm32l4xx_hal_spi.o
    0x08004f98   0x08004f98   0x00000050   Code   RO         4141    i.SPI_RxISR_8BIT    stm32l4xx_hal_spi.o
    0x08004fe8   0x08004fe8   0x00000020   Code   RO         4142    i.SPI_RxISR_8BITCRC  stm32l4xx_hal_spi.o
    0x08005008   0x08005008   0x00000092   Code   RO         4143    i.SPI_TxISR_16BIT   stm32l4xx_hal_spi.o
    0x0800509a   0x0800509a   0x00000090   Code   RO         4144    i.SPI_TxISR_8BIT    stm32l4xx_hal_spi.o
    0x0800512a   0x0800512a   0x000000b0   Code   RO         4145    i.SPI_WaitFifoStateUntilTimeout  stm32l4xx_hal_spi.o
    0x080051da   0x080051da   0x0000009a   Code   RO         4146    i.SPI_WaitFlagStateUntilTimeout  stm32l4xx_hal_spi.o
    0x08005274   0x08005274   0x000000b0   Code   RO         5051    i.SetSysClock_PLL_MSI  system_stm32l4xx.o
    0x08005324   0x08005324   0x0000010c   Code   RO         1527    i.Set_GPIO_Clock    gpio_api.o
    0x08005430   0x08005430   0x000000b4   Code   RO         5052    i.SystemCoreClockUpdate  system_stm32l4xx.o
    0x080054e4   0x080054e4   0x00000074   Code   RO         5053    i.SystemInit        system_stm32l4xx.o
    0x08005558   0x08005558   0x000000b4   Code   RO         4394    i.TIM_Base_SetConfig  stm32l4xx_hal_tim.o
    0x0800560c   0x0800560c   0x000000da   Code   RO         4662    i.UART_AdvFeatureConfig  stm32l4xx_hal_uart.o
    0x080056e6   0x080056e6   0x00000060   Code   RO         4663    i.UART_CheckIdleState  stm32l4xx_hal_uart.o
    0x08005746   0x08005746   0x00000002   PAD
    0x08005748   0x08005748   0x00000330   Code   RO         4670    i.UART_SetConfig    stm32l4xx_hal_uart.o
    0x08005a78   0x08005a78   0x00000076   Code   RO         4671    i.UART_WaitOnFlagUntilTimeout  stm32l4xx_hal_uart.o
    0x08005aee   0x08005aee   0x00000002   PAD
    0x08005af0   0x08005af0   0x00000038   Code   RO            4    i._Z10Radio_Initv   demoapplication.o
    0x08005b28   0x08005b28   0x00000012   Code   RO          672    i._Z10gpio_writeP6gpio_ti  sx1280-hal.o
    0x08005b3a   0x08005b3a   0x00000002   PAD
    0x08005b3c   0x08005b3c   0x000001c0   Code   RO            5    i._Z11Transceiverh  demoapplication.o
    0x08005cfc   0x08005cfc   0x00000020   Code   RO            6    i._Z15UART_SendStringPh  demoapplication.o
    0x08005d1c   0x08005d1c   0x0000005c   Code   RO            7    i._Z15convInt32ToTexti  demoapplication.o
    0x08005d78   0x08005d78   0x00000224   Code   RO            8    i._Z9Para_Inith     demoapplication.o
    0x08005f9c   0x08005f9c   0x0000003c   Code   RO            9    i._Z9UART_Initv     demoapplication.o
    0x08005fd8   0x08005fd8   0x0000001a   Code   RO           80    i._ZN4mbed10DigitalOutC1E7PinName  demoapplication.o
    0x08005ff2   0x08005ff2   0x00000016   Code   RO          828    i._ZN4mbed10DigitalOutaSEi  sx1280-hal.o
    0x08006008   0x08006008   0x0000001a   Code   RO           68    i._ZN4mbed10DigitalOutcviEv  demoapplication.o
    0x08006022   0x08006022   0x00000028   Code   RO         5854    i._ZN4mbed10SerialBase4baudEi  mbed.ar(SerialBase.o)
    0x0800604a   0x0800604a   0x00000030   Code   RO         5861    i._ZN4mbed10SerialBase6formatEiNS0_6ParityEi  mbed.ar(SerialBase.o)
    0x0800607a   0x0800607a   0x00000022   Code   RO         5863    i._ZN4mbed10SerialBase8readableEv  mbed.ar(SerialBase.o)
    0x0800609c   0x0800609c   0x00000006   Code   RO         5479    i._ZN4mbed10TimerEvent3irqEj  mbed.ar(TimerEvent.o)
    0x080060a2   0x080060a2   0x00000010   Code   RO         5480    i._ZN4mbed10TimerEvent6insertEj  mbed.ar(TimerEvent.o)
    0x080060b2   0x080060b2   0x0000000a   Code   RO         5481    i._ZN4mbed10TimerEvent6removeEv  mbed.ar(TimerEvent.o)
    0x080060bc   0x080060bc   0x00000028   Code   RO         5483    i._ZN4mbed10TimerEventC2Ev  mbed.ar(TimerEvent.o)
    0x080060e4   0x080060e4   0x00000018   Code   RO         5485    i._ZN4mbed10TimerEventD2Ev  mbed.ar(TimerEvent.o)
    0x080060fc   0x080060fc   0x00000048   Code   RO         5695    i._ZN4mbed11InterruptIn12_irq_handlerEj14gpio_irq_event  mbed.ar(InterruptIn.o)
    0x08006144   0x08006144   0x000000d4   Code   RO         5700    i._ZN4mbed11InterruptInC1E7PinName  mbed.ar(InterruptIn.o)
    0x08006218   0x08006218   0x0000003c   Code   RO         5701    i._ZN4mbed11InterruptInD0Ev  mbed.ar(InterruptIn.o)
    0x08006254   0x08006254   0x0000001a   Code   RO          840    i._ZN4mbed12DigitalInOutC1E7PinName  sx1280-hal.o
    0x0800626e   0x0800626e   0x00000016   Code   RO          821    i._ZN4mbed12DigitalInOutaSEi  sx1280-hal.o
    0x08006284   0x08006284   0x00000040   Code   RO         5754    i._ZN4mbed3SPI18irq_handler_asynchEv  mbed.ar(SPI.o)
    0x080062c4   0x080062c4   0x0000015e   Code   RO         5756    i._ZN4mbed3SPI19dequeue_transactionEv  mbed.ar(SPI.o)
    0x08006422   0x08006422   0x00000002   PAD
    0x08006424   0x08006424   0x0000002c   Code   RO         5758    i._ZN4mbed3SPI4lockEv  mbed.ar(SPI.o)
    0x08006450   0x08006450   0x0000002a   Code   RO         5759    i._ZN4mbed3SPI5writeEi  mbed.ar(SPI.o)
    0x0800647a   0x0800647a   0x00000002   PAD
    0x0800647c   0x0800647c   0x0000003c   Code   RO         5760    i._ZN4mbed3SPI6aquireEv  mbed.ar(SPI.o)
    0x080064b8   0x080064b8   0x00000030   Code   RO         5761    i._ZN4mbed3SPI6formatEii  mbed.ar(SPI.o)
    0x080064e8   0x080064e8   0x0000002c   Code   RO         5762    i._ZN4mbed3SPI6unlockEv  mbed.ar(SPI.o)
    0x08006514   0x08006514   0x00000030   Code   RO         5764    i._ZN4mbed3SPI9frequencyEi  mbed.ar(SPI.o)
    0x08006544   0x08006544   0x0000009c   Code   RO         5765    i._ZN4mbed3SPIC1E7PinNameS1_S1_S1_  mbed.ar(SPI.o)
    0x080065e0   0x080065e0   0x00000028   Code   RO         5827    i._ZN4mbed3SPID0Ev  mbed.ar(SPI.o)
    0x08006608   0x08006608   0x00000026   Code   RO         5605    i._ZN4mbed6Stream4getcEv  mbed.ar(Stream.o)
    0x0800662e   0x0800662e   0x0000002a   Code   RO         5607    i._ZN4mbed6Stream4putcEi  mbed.ar(Stream.o)
    0x08006658   0x08006658   0x00000038   Code   RO         5513    i._ZN4mbed6Ticker7handlerEv  mbed.ar(Ticker.o)
    0x08006690   0x08006690   0x00000070   Code   RO         5527    i._ZN4mbed6TickerD1Ev  mbed.ar(Ticker.o)
    0x08006700   0x08006700   0x00000004   Code   RO         6072    i._ZN4mbed8FileBase11getPathTypeEv  mbed.ar(FileBase.o)
    0x08006704   0x08006704   0x0000006c   Code   RO         6074    i._ZN4mbed8FileBase6lookupEPKcj  mbed.ar(FileBase.o)
    0x08006770   0x08006770   0x00000018   Code   RO         5454    i._ZN4mbed8FilePath4fileEv  mbed.ar(FilePath.o)
    0x08006788   0x08006788   0x0000000a   Code   RO         5455    i._ZN4mbed8FilePath6existsEv  mbed.ar(FilePath.o)
    0x08006792   0x08006792   0x00000018   Code   RO         5456    i._ZN4mbed8FilePath6isFileEv  mbed.ar(FilePath.o)
    0x080067aa   0x080067aa   0x00000040   Code   RO         5458    i._ZN4mbed8FilePathC1EPKc  mbed.ar(FilePath.o)
    0x080067ea   0x080067ea   0x0000001a   Code   RO          834    i._ZN4mbed9DigitalInC1E7PinName  sx1280-hal.o
    0x08006804   0x08006804   0x0000001a   Code   RO          815    i._ZN4mbed9DigitalIncviEv  sx1280-hal.o
    0x0800681e   0x0800681e   0x00000002   Code   RO         5704    i._ZN4mbed9donothingEv  mbed.ar(InterruptIn.o)
    0x08006820   0x08006820   0x00000004   Code   RO         1724    i._ZN4mbed9mbed_getcEPSt6__FILE  mbed_retarget.o
    0x08006824   0x08006824   0x0000003c   Code   RO          963    i._ZN6SX128010GetPayloadEPhS0_h  sx1280.o
    0x08006860   0x08006860   0x0000006c   Code   RO          964    i._ZN6SX128010SetCrcSeedEPh  sx1280.o
    0x080068cc   0x080068cc   0x00000020   Code   RO          965    i._ZN6SX128010SetPayloadEPhhh  sx1280.o
    0x080068ec   0x080068ec   0x00000028   Code   RO          966    i._ZN6SX128010SetStandbyE19RadioStandbyModes_t  sx1280.o
    0x08006914   0x08006914   0x00000298   Code   RO          968    i._ZN6SX128011ProcessIrqsEv  sx1280.o
    0x08006bac   0x08006bac   0x0000002a   Code   RO          969    i._ZN6SX128011SendPayloadEPhh10TickTime_sh  sx1280.o
    0x08006bd6   0x08006bd6   0x000000ac   Code   RO          970    i._ZN6SX128011SetSyncWordEhPh  sx1280.o
    0x08006c82   0x08006c82   0x00000026   Code   RO          971    i._ZN6SX128011SetTxParamsEa16RadioRampTimes_t  sx1280.o
    0x08006ca8   0x08006ca8   0x00000020   Code   RO          973    i._ZN6SX128012GetIrqStatusEv  sx1280.o
    0x08006cc8   0x08006cc8   0x0000003c   Code   RO          975    i._ZN6SX128013GetPacketTypeEb  sx1280.o
    0x08006d04   0x08006d04   0x0000001c   Code   RO          976    i._ZN6SX128013SetPacketTypeE18RadioPacketTypes_t  sx1280.o
    0x08006d20   0x08006d20   0x00000022   Code   RO          977    i._ZN6SX128014ClearIrqStatusEt  sx1280.o
    0x08006d42   0x08006d42   0x00000018   Code   RO          979    i._ZN6SX128014SetRangingRoleE19RadioRangingRoles_t  sx1280.o
    0x08006d5a   0x08006d5a   0x00000002   PAD
    0x08006d5c   0x08006d5c   0x00000094   Code   RO          980    i._ZN6SX128014SetRfFrequencyEj  sx1280.o
    0x08006df0   0x08006df0   0x00000058   Code   RO          984    i._ZN6SX128015SetDioIrqParamsEtttt  sx1280.o
    0x08006e48   0x08006e48   0x0000003c   Code   RO          989    i._ZN6SX128016SetCrcPolynomialEt  sx1280.o
    0x08006e84   0x08006e84   0x00000014   Code   RO          991    i._ZN6SX128016SetRegulatorModeE21RadioRegulatorModes_t  sx1280.o
    0x08006e98   0x08006e98   0x00000054   Code   RO          994    i._ZN6SX128017GetRxBufferStatusEPhS0_  sx1280.o
    0x08006eec   0x08006eec   0x0000000a   Code   RO          999    i._ZN6SX128019SetRegistersDefaultEv  sx1280.o
    0x08006ef6   0x08006ef6   0x00000020   Code   RO         1002    i._ZN6SX128022SetBufferBaseAddressesEhh  sx1280.o
    0x08006f16   0x08006f16   0x00000028   Code   RO         1009    i._ZN6SX12804InitEv  sx1280.o
    0x08006f3e   0x08006f3e   0x00000056   Code   RO         1011    i._ZN6SX12805SetRxE10TickTime_s  sx1280.o
    0x08006f94   0x08006f94   0x00000056   Code   RO         1012    i._ZN6SX12805SetTxE10TickTime_s  sx1280.o
    0x08006fea   0x08006fea   0x0000001a   Code   RO         1014    i._ZN6SX12808OnDioIrqEv  sx1280.o
    0x08007004   0x08007004   0x00000060   Code   RO          809    i._ZN6SX1280C2EP16RadioCallbacks_t  sx1280-hal.o
    0x08007064   0x08007064   0x000000c6   Code   RO          673    i._ZN9SX1280Hal10ReadBufferEhPhh  sx1280-hal.o
    0x0800712a   0x0800712a   0x000000fc   Code   RO          674    i._ZN9SX1280Hal11ReadCommandE15RadioCommands_uPht  sx1280-hal.o
    0x08007226   0x08007226   0x000000ae   Code   RO          675    i._ZN9SX1280Hal11WriteBufferEhPhh  sx1280-hal.o
    0x080072d4   0x080072d4   0x0000001a   Code   RO          677    i._ZN9SX1280Hal12ReadRegisterEt  sx1280-hal.o
    0x080072ee   0x080072ee   0x00000168   Code   RO          678    i._ZN9SX1280Hal12ReadRegisterEtPht  sx1280-hal.o
    0x08007456   0x08007456   0x000000a2   Code   RO          679    i._ZN9SX1280Hal12WriteCommandE15RadioCommands_uPht  sx1280-hal.o
    0x080074f8   0x080074f8   0x00000142   Code   RO          680    i._ZN9SX1280Hal13WriteRegisterEtPht  sx1280-hal.o
    0x0800763a   0x0800763a   0x00000016   Code   RO          681    i._ZN9SX1280Hal13WriteRegisterEth  sx1280-hal.o
    0x08007650   0x08007650   0x00000056   Code   RO          682    i._ZN9SX1280Hal5ResetEv  sx1280-hal.o
    0x080076a6   0x080076a6   0x0000006a   Code   RO          683    i._ZN9SX1280Hal6WakeupEv  sx1280-hal.o
    0x08007710   0x08007710   0x00000034   Code   RO          684    i._ZN9SX1280Hal7SpiInitEv  sx1280-hal.o
    0x08007744   0x08007744   0x0000009e   Code   RO          685    i._ZN9SX1280Hal8UartInitEv  sx1280-hal.o
    0x080077e2   0x080077e2   0x00000036   Code   RO          686    i._ZN9SX1280Hal9IoIrqInitEM6SX1280FvvE  sx1280-hal.o
    0x08007818   0x08007818   0x0000012e   Code   RO          688    i._ZN9SX1280HalC1E7PinNameS0_S0_S0_S0_S0_S0_S0_S0_P16RadioCallbacks_t  sx1280-hal.o
    0x08007946   0x08007946   0x00000002   PAD
    0x08007948   0x08007948   0x00000080   Code   RO          690    i._ZN9SX1280HalD1Ev  sx1280-hal.o
    0x080079c8   0x080079c8   0x0000000a   Code   RO         1727    i._ZdlPv            mbed_retarget.o
    0x080079d2   0x080079d2   0x00000002   PAD
    0x080079d4   0x080079d4   0x00000034   Code   RO         1729    i._Znwj             mbed_retarget.o
    0x08007a08   0x08007a08   0x00000030   Code   RO         6716    i.__ARM_fpclassify  m_wm.l(fpclassify.o)
    0x08007a38   0x08007a38   0x00000034   Code   RO         1518    i.__NVIC_SetVector  cmsis_nvic.o
    0x08007a6c   0x08007a6c   0x00000004   Code   RO         1730    i.__aeabi_atexit    mbed_retarget.o
    0x08007a70   0x08007a70   0x00000024   Code   RO         6430    i.__aeabi_vec_ctor_nocookie_nodtor  cpprt_w.l(aeabi_vec_ctor_nocookie_nodtor.o)
    0x08007a94   0x08007a94   0x00000006   Code   RO         6321    i.__cxa_pure_virtual  cpprt_w.l(pure_virt.o)
    0x08007a9a   0x08007a9a   0x00000006   PAD
    0x08007aa0   0x08007aa0   0x00000c80   Code   RO         6452    i.__hardfp_pow      m_wm.l(pow.o)
    0x08008720   0x08008720   0x000000f8   Code   RO         6718    i.__kernel_poly     m_wm.l(poly.o)
    0x08008818   0x08008818   0x00000030   Code   RO         6696    i.__mathlib_dbl_divzero  m_wm.l(dunder.o)
    0x08008848   0x08008848   0x00000014   Code   RO         6698    i.__mathlib_dbl_infnan2  m_wm.l(dunder.o)
    0x0800885c   0x0800885c   0x00000004   PAD
    0x08008860   0x08008860   0x00000020   Code   RO         6699    i.__mathlib_dbl_invalid  m_wm.l(dunder.o)
    0x08008880   0x08008880   0x00000020   Code   RO         6700    i.__mathlib_dbl_overflow  m_wm.l(dunder.o)
    0x080088a0   0x080088a0   0x00000020   Code   RO         6702    i.__mathlib_dbl_underflow  m_wm.l(dunder.o)
    0x080088c0   0x080088c0   0x00000040   Code   RO         5108    i.__sti___10_Timers_cpp_b34d10a6  timers.o
    0x08008900   0x08008900   0x0000005c   Code   RO           10    i.__sti___19_DemoApplication_cpp_908e909c  demoapplication.o
    0x0800895c   0x0800895c   0x00000034   Code   RO         5766    i.__sti___7_SPI_cpp_ab1f1164  mbed.ar(SPI.o)
    0x08008990   0x08008990   0x00000020   Code   RO         5390    i.__sti___8_main_cpp_BTLed  main.o
    0x080089b0   0x080089b0   0x00000010   Code   RO         5044    i.__user_setup_stackheap  sys.o
    0x080089c0   0x080089c0   0x0000000e   Code   RO         6238    i._is_digit         c_w.l(__printf_wp.o)
    0x080089ce   0x080089ce   0x00000008   Code   RO         1733    i._platform_post_stackheap_init  mbed_retarget.o
    0x080089d6   0x080089d6   0x00000002   PAD
    0x080089d8   0x080089d8   0x0000004c   Code   RO         1734    i._sys_close        mbed_retarget.o
    0x08008a24   0x08008a24   0x00000038   Code   RO         1737    i._sys_flen         mbed_retarget.o
    0x08008a5c   0x08008a5c   0x00000048   Code   RO         1738    i._sys_istty        mbed_retarget.o
    0x08008aa4   0x08008aa4   0x00000198   Code   RO         1739    i._sys_open         mbed_retarget.o
    0x08008c3c   0x08008c3c   0x00000078   Code   RO         1740    i._sys_read         mbed_retarget.o
    0x08008cb4   0x08008cb4   0x0000003c   Code   RO         1741    i._sys_seek         mbed_retarget.o
    0x08008cf0   0x08008cf0   0x00000084   Code   RO         1742    i._sys_write        mbed_retarget.o
    0x08008d74   0x08008d74   0x00000128   Code   RO         1478    i.can_irq           can_api.o
    0x08008e9c   0x08008e9c   0x0000008c   Code   RO         5988    i.core_util_critical_section_enter  mbed.ar(mbed_critical.o)
    0x08008f28   0x08008f28   0x00000058   Code   RO         5989    i.core_util_critical_section_exit  mbed.ar(mbed_critical.o)
    0x08008f80   0x08008f80   0x00000012   Code   RO         6052    i.error             mbed.ar(mbed_error.o)
    0x08008f92   0x08008f92   0x00000002   PAD
    0x08008f94   0x08008f94   0x00000020   Code   RO         1744    i.exit              mbed_retarget.o
    0x08008fb4   0x08008fb4   0x00000018   Code   RO         6712    i.fabs              m_wm.l(fabs.o)
    0x08008fcc   0x08008fcc   0x00000018   Code   RO         6259    i.fgetc             c_w.l(fgetc.o)
    0x08008fe4   0x08008fe4   0x0000001a   Code   RO         6265    i.fputc             c_w.l(fputc.o)
    0x08008ffe   0x08008ffe   0x00000002   PAD
    0x08009000   0x08009000   0x00000008   Code   RO         6013    i.get_us_ticker_data  mbed.ar(mbed_us_ticker_api.o)
    0x08009008   0x08009008   0x00000062   Code   RO         1539    i.gpio_dir          gpio_api.o
    0x0800906a   0x0800906a   0x00000002   PAD
    0x0800906c   0x0800906c   0x00000054   Code   RO         1528    i.gpio_init         gpio_api.o
    0x080090c0   0x080090c0   0x00000028   Code   RO         5959    i.gpio_init_in      mbed.ar(mbed_gpio.o)
    0x080090e8   0x080090e8   0x0000002e   Code   RO         5962    i.gpio_init_out     mbed.ar(mbed_gpio.o)
    0x08009116   0x08009116   0x00000008   Code   RO         1544    i.gpio_irq0         gpio_irq_api.o
    0x0800911e   0x0800911e   0x00000008   Code   RO         1545    i.gpio_irq1         gpio_irq_api.o
    0x08009126   0x08009126   0x00000008   Code   RO         1546    i.gpio_irq2         gpio_irq_api.o
    0x0800912e   0x0800912e   0x00000008   Code   RO         1547    i.gpio_irq3         gpio_irq_api.o
    0x08009136   0x08009136   0x00000008   Code   RO         1548    i.gpio_irq4         gpio_irq_api.o
    0x0800913e   0x0800913e   0x00000008   Code   RO         1549    i.gpio_irq5         gpio_irq_api.o
    0x08009146   0x08009146   0x00000008   Code   RO         1550    i.gpio_irq6         gpio_irq_api.o
    0x0800914e   0x0800914e   0x00000002   PAD
    0x08009150   0x08009150   0x00000094   Code   RO         1553    i.gpio_irq_free     gpio_irq_api.o
    0x080091e4   0x080091e4   0x0000018e   Code   RO         1554    i.gpio_irq_init     gpio_irq_api.o
    0x08009372   0x08009372   0x00000008   Code   RO         1529    i.gpio_mode         gpio_api.o
    0x0800937a   0x0800937a   0x00000002   PAD
    0x0800937c   0x0800937c   0x00000080   Code   RO         1556    i.handle_interrupt_in  gpio_irq_api.o
    0x080093fc   0x080093fc   0x00000044   Code   RO         5009    i.init_spi          stm_spi_api.o
    0x08009440   0x08009440   0x0000008c   Code   RO         1973    i.init_uart         serial_api.o
    0x080094cc   0x080094cc   0x0000005c   Code   RO         5391    i.main              main.o
    0x08009528   0x08009528   0x00000054   Code   RO         6044    i.mbed_assert_internal  mbed.ar(mbed_assert.o)
    0x0800957c   0x0800957c   0x00000012   Code   RO         1701    i.mbed_die          mbed_board.o
    0x0800958e   0x0800958e   0x00000002   PAD
    0x08009590   0x08009590   0x00000054   Code   RO         1702    i.mbed_error_printf  mbed_board.o
    0x080095e4   0x080095e4   0x00000050   Code   RO         1703    i.mbed_error_vfprintf  mbed_board.o
    0x08009634   0x08009634   0x00000002   Code   RO         1745    i.mbed_main         mbed_retarget.o
    0x08009636   0x08009636   0x0000000e   Code   RO         1713    i.mbed_sdk_init     mbed_overrides.o
    0x08009644   0x08009644   0x000001e2   Code   RO         1874    i.pin_function      pinmap.o
    0x08009826   0x08009826   0x00000002   PAD
    0x08009828   0x08009828   0x00000114   Code   RO         1875    i.pin_mode          pinmap.o
    0x0800993c   0x0800993c   0x0000003c   Code   RO         6029    i.pinmap_merge      mbed.ar(mbed_pinmap_common.o)
    0x08009978   0x08009978   0x00000060   Code   RO         6030    i.pinmap_peripheral  mbed.ar(mbed_pinmap_common.o)
    0x080099d8   0x080099d8   0x0000005c   Code   RO         6031    i.pinmap_pinout     mbed.ar(mbed_pinmap_common.o)
    0x08009a34   0x08009a34   0x00000006   Code   RO         1975    i.serial_baud       serial_api.o
    0x08009a3a   0x08009a3a   0x00000044   Code   RO         1979    i.serial_format     serial_api.o
    0x08009a7e   0x08009a7e   0x00000002   PAD
    0x08009a80   0x08009a80   0x00000030   Code   RO         1981    i.serial_getc       serial_api.o
    0x08009ab0   0x08009ab0   0x000001f4   Code   RO         1982    i.serial_init       serial_api.o
    0x08009ca4   0x08009ca4   0x00000030   Code   RO         1987    i.serial_putc       serial_api.o
    0x08009cd4   0x08009cd4   0x0000001c   Code   RO         1988    i.serial_readable   serial_api.o
    0x08009cf0   0x08009cf0   0x00000088   Code   RO         5013    i.spi_format        stm_spi_api.o
    0x08009d78   0x08009d78   0x00000064   Code   RO         5015    i.spi_frequency     stm_spi_api.o
    0x08009ddc   0x08009ddc   0x00000050   Code   RO         2054    i.spi_get_clock_freq  spi_api.o
    0x08009e2c   0x08009e2c   0x00000192   Code   RO         5016    i.spi_init          stm_spi_api.o
    0x08009fbe   0x08009fbe   0x00000002   PAD
    0x08009fc0   0x08009fc0   0x00000074   Code   RO         5042    i.spi_irq_handler_asynch  stm_spi_api.o
    0x0800a034   0x0800a034   0x000000ae   Code   RO         5017    i.spi_master_start_asynch_transfer  stm_spi_api.o
    0x0800a0e2   0x0800a0e2   0x000000d2   Code   RO         5018    i.spi_master_transfer  stm_spi_api.o
    0x0800a1b4   0x0800a1b4   0x0000002e   Code   RO         5019    i.spi_master_write  stm_spi_api.o
    0x0800a1e2   0x0800a1e2   0x0000006e   Code   RO         6723    i.sqrt              m_wm.l(sqrt.o)
    0x0800a250   0x0800a250   0x00000050   Code   RO         6108    i.ticker_insert_event  mbed.ar(mbed_ticker_api.o)
    0x0800a2a0   0x0800a2a0   0x0000004e   Code   RO         6109    i.ticker_irq_handler  mbed.ar(mbed_ticker_api.o)
    0x0800a2ee   0x0800a2ee   0x00000044   Code   RO         6111    i.ticker_remove_event  mbed.ar(mbed_ticker_api.o)
    0x0800a332   0x0800a332   0x00000012   Code   RO         6112    i.ticker_set_handler  mbed.ar(mbed_ticker_api.o)
    0x0800a344   0x0800a344   0x00000064   Code   RO         1594    i.timer_irq_handler  hal_tick_32b.o
    0x0800a3a8   0x0800a3a8   0x00000018   Code   RO         5085    i.us_ticker_clear_interrupt  us_ticker_32b.o
    0x0800a3c0   0x0800a3c0   0x00000018   Code   RO         5086    i.us_ticker_disable_interrupt  us_ticker_32b.o
    0x0800a3d8   0x0800a3d8   0x00000028   Code   RO         5087    i.us_ticker_init    us_ticker_32b.o
    0x0800a400   0x0800a400   0x0000000c   Code   RO         6014    i.us_ticker_irq_handler  mbed.ar(mbed_us_ticker_api.o)
    0x0800a40c   0x0800a40c   0x00000030   Code   RO         5088    i.us_ticker_read    us_ticker_32b.o
    0x0800a43c   0x0800a43c   0x0000001c   Code   RO         5089    i.us_ticker_set_interrupt  us_ticker_32b.o
    0x0800a458   0x0800a458   0x00000028   Code   RO         6060    i.wait              mbed.ar(mbed_wait_api_no_rtos.o)
    0x0800a480   0x0800a480   0x0000001c   Code   RO         6061    i.wait_ms           mbed.ar(mbed_wait_api_no_rtos.o)
    0x0800a49c   0x0800a49c   0x00000018   Code   RO         6062    i.wait_us           mbed.ar(mbed_wait_api_no_rtos.o)
    0x0800a4b4   0x0800a4b4   0x0000002c   Code   RO         6922    locale$$code        c_w.l(lc_numeric_c.o)
    0x0800a4e0   0x0800a4e0   0x0000002c   Code   RO         6994    locale$$code        c_w.l(lc_ctype_c.o)
    0x0800a50c   0x0800a50c   0x0000002c   Code   RO         6099    t._ZN12SingletonPtrI13PlatformMutexEptEv  mbed.ar(FileBase.o)
    0x0800a538   0x0800a538   0x0000001a   Code   RO         5824    t._ZN4mbed11TransactionINS_3SPIEEC1Ev  mbed.ar(SPI.o)
    0x0800a552   0x0800a552   0x00000016   Code   RO         5833    t._ZN4mbed11TransactionINS_3SPIEED1Ev  mbed.ar(SPI.o)
    0x0800a568   0x0800a568   0x00000018   Code   RO         5830    t._ZN4mbed14CircularBufferINS_11TransactionINS_3SPIEEELj2EjED1Ev  mbed.ar(SPI.o)
    0x0800a580   0x0800a580   0x00000004   Code   RO         5737    t._ZN4mbed8CallbackIFvvEE13function_callIPS1_EEvPKv  mbed.ar(InterruptIn.o)
    0x0800a584   0x0800a584   0x00000002   Code   RO         5743    t._ZN4mbed8CallbackIFvvEE13function_dtorIPS1_EEvPv  mbed.ar(InterruptIn.o)
    0x0800a586   0x0800a586   0x0000000a   Code   RO         5740    t._ZN4mbed8CallbackIFvvEE13function_moveIPS1_EEvPvPKv  mbed.ar(InterruptIn.o)
    0x0800a590   0x0800a590   0x00000028   Code   RO         5157    t._ZN4mbed8CallbackIFvvEEC1EPS1_  timers.o
    0x0800a5b8   0x0800a5b8   0x00000036   Code   RO         5821    t._ZN6CThunkIN4mbed3SPIEE10trampolineEPS1_PvPMS1_FvS4_E  mbed.ar(SPI.o)
    0x0800a5ee   0x0800a5ee   0x00000018   Code   RO         6669    x$fpl$basic         fz_wm.l(basic.o)
    0x0800a606   0x0800a606   0x00000002   PAD
    0x0800a608   0x0800a608   0x00000150   Code   RO         6671    x$fpl$dadd          fz_wm.l(daddsub_clz.o)
    0x0800a758   0x0800a758   0x00000010   Code   RO         6868    x$fpl$dcheck1       fz_wm.l(dcheck1.o)
    0x0800a768   0x0800a768   0x00000018   Code   RO         6956    x$fpl$dcmpinf       fz_wm.l(dcmpi.o)
    0x0800a780   0x0800a780   0x000002b0   Code   RO         6437    x$fpl$ddiv          fz_wm.l(ddiv.o)
    0x0800aa30   0x0800aa30   0x0000005a   Code   RO         6440    x$fpl$dfixu         fz_wm.l(dfixu.o)
    0x0800aa8a   0x0800aa8a   0x0000002e   Code   RO         6445    x$fpl$dflt          fz_wm.l(dflt_clz.o)
    0x0800aab8   0x0800aab8   0x00000026   Code   RO         6444    x$fpl$dfltu         fz_wm.l(dflt_clz.o)
    0x0800aade   0x0800aade   0x00000002   PAD
    0x0800aae0   0x0800aae0   0x00000078   Code   RO         6870    x$fpl$dleqf         fz_wm.l(dleqf.o)
    0x0800ab58   0x0800ab58   0x00000154   Code   RO         6450    x$fpl$dmul          fz_wm.l(dmul.o)
    0x0800acac   0x0800acac   0x0000009c   Code   RO         6677    x$fpl$dnaninf       fz_wm.l(dnaninf.o)
    0x0800ad48   0x0800ad48   0x0000000c   Code   RO         6679    x$fpl$dretinf       fz_wm.l(dretinf.o)
    0x0800ad54   0x0800ad54   0x0000006c   Code   RO         6681    x$fpl$drleqf        fz_wm.l(drleqf.o)
    0x0800adc0   0x0800adc0   0x00000016   Code   RO         6672    x$fpl$drsb          fz_wm.l(daddsub_clz.o)
    0x0800add6   0x0800add6   0x00000002   PAD
    0x0800add8   0x0800add8   0x00000198   Code   RO         6872    x$fpl$dsqrt         fz_wm.l(dsqrt_umaal.o)
    0x0800af70   0x0800af70   0x000001d4   Code   RO         6673    x$fpl$dsub          fz_wm.l(daddsub_clz.o)
    0x0800b144   0x0800b144   0x0000000a   Code   RO         6874    x$fpl$fpinit        fz_wm.l(fpinit.o)
    0x0800b14e   0x0800b14e   0x00000004   Code   RO         6683    x$fpl$printf1       fz_wm.l(printf1.o)
    0x0800b152   0x0800b152   0x00000004   Code   RO         6685    x$fpl$printf2       fz_wm.l(printf2.o)
    0x0800b156   0x0800b156   0x00000064   Code   RO         6964    x$fpl$retnan        fz_wm.l(retnan.o)
    0x0800b1ba   0x0800b1ba   0x0000005c   Code   RO         6691    x$fpl$scalbn        fz_wm.l(scalbn.o)
    0x0800b216   0x0800b216   0x00000030   Code   RO         7010    x$fpl$trapveneer    fz_wm.l(trapv.o)
    0x0800b246   0x0800b246   0x00000000   Code   RO         6695    x$fpl$usenofp       fz_wm.l(usenofp.o)
    0x0800b246   0x0800b246   0x00000002   PAD
    0x0800b248   0x0800b248   0x0000000c   Data   RO           19    .constdata          demoapplication.o
    0x0800b254   0x0800b254   0x00000008   Data   RO          710    .constdata          sx1280-hal.o
    0x0800b25c   0x0800b25c   0x000000c0   Data   RO         1578    .constdata          gpio_irq_device.o
    0x0800b31c   0x0800b31c   0x00000017   Data   RO         1796    .constdata          mbed_retarget.o
    0x0800b333   0x0800b333   0x00000001   PAD
    0x0800b334   0x0800b334   0x00000084   Data   RO         1858    .constdata          PeripheralPins.o
    0x0800b3b8   0x0800b3b8   0x00000084   Data   RO         1859    .constdata          PeripheralPins.o
    0x0800b43c   0x0800b43c   0x00000048   Data   RO         1862    .constdata          PeripheralPins.o
    0x0800b484   0x0800b484   0x00000048   Data   RO         1863    .constdata          PeripheralPins.o
    0x0800b4cc   0x0800b4cc   0x00000048   Data   RO         1864    .constdata          PeripheralPins.o
    0x0800b514   0x0800b514   0x0000003c   Data   RO         1865    .constdata          PeripheralPins.o
    0x0800b550   0x0800b550   0x00000040   Data   RO         1876    .constdata          pinmap.o
    0x0800b590   0x0800b590   0x00000010   Data   RO         5023    .constdata          stm_spi_api.o
    0x0800b5a0   0x0800b5a0   0x00000040   Data   RO         5054    .constdata          system_stm32l4xx.o
    0x0800b5e0   0x0800b5e0   0x00000008   Data   RO         5055    .constdata          system_stm32l4xx.o
    0x0800b5e8   0x0800b5e8   0x00000010   Data   RO         5786    .constdata          mbed.ar(SPI.o)
    0x0800b5f8   0x0800b5f8   0x00000014   Data   RO         6015    .constdata          mbed.ar(mbed_us_ticker_api.o)
    0x0800b60c   0x0800b60c   0x00000008   Data   RO         6016    .constdata          mbed.ar(mbed_us_ticker_api.o)
    0x0800b614   0x0800b614   0x00000028   Data   RO         6226    .constdata          c_w.l(_printf_hex_int_ll_ptr.o)
    0x0800b63c   0x0800b63c   0x00000011   Data   RO         6246    .constdata          c_w.l(__printf_flags_ss_wp.o)
    0x0800b64d   0x0800b64d   0x00000003   PAD
    0x0800b650   0x0800b650   0x00000088   Data   RO         6455    .constdata          m_wm.l(pow.o)
    0x0800b6d8   0x0800b6d8   0x00000008   Data   RO         6524    .constdata          c_w.l(_printf_wctomb.o)
    0x0800b6e0   0x0800b6e0   0x00000008   Data   RO         6720    .constdata          m_wm.l(qnan.o)
    0x0800b6e8   0x0800b6e8   0x00000026   Data   RO         6767    .constdata          c_w.l(_printf_fp_hex.o)
    0x0800b70e   0x0800b70e   0x00000002   PAD
    0x0800b710   0x0800b710   0x00000094   Data   RO         6895    .constdata          c_w.l(bigflt0.o)
    0x0800b7a4   0x0800b7a4   0x0000003c   Data   RO          847    .constdata__ZTV5Radio  sx1280-hal.o
    0x0800b7e0   0x0800b7e0   0x0000004c   Data   RO         1378    .constdata__ZTV6SX1280  sx1280.o
    0x0800b82c   0x0800b82c   0x00000054   Data   RO          808    .constdata__ZTV9SX1280Hal  sx1280-hal.o
    0x0800b880   0x0800b880   0x00000014   Data   RO         5505    .constdata__ZTVN4mbed10TimerEventE  mbed.ar(TimerEvent.o)
    0x0800b894   0x0800b894   0x00000010   Data   RO         5733    .constdata__ZTVN4mbed11InterruptInE  mbed.ar(InterruptIn.o)
    0x0800b8a4   0x0800b8a4   0x0000001c   Data   RO         5815    .constdata__ZTVN4mbed3SPIE  mbed.ar(SPI.o)
    0x0800b8c0   0x0800b8c0   0x00000014   Data   RO         5524    .constdata__ZTVN4mbed6TickerE  mbed.ar(Ticker.o)
    0x0800b8d4   0x0800b8d4   0x00000014   Data   RO         1847    .constdata__ZZN12SingletonPtrI13PlatformMutexE3getEvEs  mbed_retarget.o
    0x0800b8e8   0x0800b8e8   0x0000005c   Data   RO         1848    .constdata__ZZN12SingletonPtrI13PlatformMutexE3getEvEs_0  mbed_retarget.o
    0x0800b944   0x0800b944   0x0000000c   Data   RO         5735    .constdata__ZZN4mbed8CallbackIFvvEE8generateIPS1_EEvRKT_E3ops  mbed.ar(InterruptIn.o)
    0x0800b950   0x0800b950   0x00000005   Data   RO         5525    .constdata__ZZNK4mbed8CallbackIFvvEE4callEvEs  mbed.ar(Ticker.o)
    0x0800b955   0x0800b955   0x00000058   Data   RO         5526    .constdata__ZZNK4mbed8CallbackIFvvEE4callEvEs_0  mbed.ar(Ticker.o)
    0x0800b9ad   0x0800b9ad   0x00000003   PAD
    0x0800b9b0   0x0800b9b0   0x00000055   Data   RO         1877    .conststring        pinmap.o
    0x0800ba05   0x0800ba05   0x00000003   PAD
    0x0800ba08   0x0800ba08   0x00000068   Data   RO         2004    .conststring        serial_api.o
    0x0800ba70   0x0800ba70   0x0000005a   Data   RO         5024    .conststring        stm_spi_api.o
    0x0800baca   0x0800baca   0x00000002   PAD
    0x0800bacc   0x0800bacc   0x00000052   Data   RO         5990    .conststring        mbed.ar(mbed_critical.o)
    0x0800bb1e   0x0800bb1e   0x00000002   PAD
    0x0800bb20   0x0800bb20   0x00000020   Data   RO         7048    Region$$Table       anon$$obj.o
    0x0800bb40   0x0800bb40   0x0000001c   Data   RO         6921    locale$$data        c_w.l(lc_numeric_c.o)
    0x0800bb5c   0x0800bb5c   0x00000110   Data   RO         6993    locale$$data        c_w.l(lc_ctype_c.o)
    0x0800bc6c   0x0800bc6c   0x00000004   Data   RO           21    .init_array         demoapplication.o
    0x0800bc70   0x0800bc6c   0x00000004   Data   RO         5117    .init_array         timers.o
    0x0800bc74   0x0800bc6c   0x00000004   Data   RO         5395    .init_array         main.o
    0x0800bc78   0x0800bc6c   0x00000004   Data   RO         5788    .init_array         mbed.ar(SPI.o)
    0x0800bc7c   0x0800bc6c   0x00000000   Data   RO         6316    .init_array         c_w.l(init_aeabi.o)


    Execution Region RW_IRAM2 (Exec base: 0x10000188, Load base: 0x0800bcec, Size: 0x00000000, Max: 0x00007e78, ABSOLUTE)

    **** No section assigned to this execution region ****


    Execution Region RW_IRAM1 (Exec base: 0x20000000, Load base: 0x0800bc7c, Size: 0x00000a84, Max: 0x00018000, ABSOLUTE)

    Exec Addr    Load Addr    Size         Type   Attr      Idx    E Section Name        Object

    0x20000000   0x0800bc7c   0x0000000c   Data   RW           20    .data               demoapplication.o
    0x2000000c   0x0800bc88   0x00000008   Data   RW         1492    .data               can_api.o
    0x20000014   0x0800bc90   0x00000004   Data   RW         1558    .data               gpio_irq_api.o
    0x20000018   0x0800bc94   0x00000004   Data   RW         1595    .data               hal_tick_32b.o
    0x2000001c   0x0800bc98   0x00000008   Data   RW         1799    .data               mbed_retarget.o
    0x20000024   0x0800bca0   0x00000008   Data   RW         2005    .data               serial_api.o
    0x2000002c   0x0800bca8   0x00000004   Data   RW         2094    .data               stm32l4xx_hal.o
    0x20000030   0x0800bcac   0x00000004   Data   RW         5056    .data               system_stm32l4xx.o
    0x20000034   0x0800bcb0   0x00000004   Data   RW         5091    .data               us_ticker_32b.o
    0x20000038   0x0800bcb4   0x0000000c   Data   RW         5787    .data               mbed.ar(SPI.o)
    0x20000044   0x0800bcc0   0x00000008   Data   RW         5991    .data               mbed.ar(mbed_critical.o)
    0x2000004c   0x0800bcc8   0x00000008   Data   RW         6017    .data               mbed.ar(mbed_us_ticker_api.o)
    0x20000054   0x0800bcd0   0x0000000c   Data   RW         6086    .data               mbed.ar(FileBase.o)
    0x20000060   0x0800bcdc   0x00000004   Data   RW         6277    .data               c_w.l(stdio_streams.o)
    0x20000064   0x0800bce0   0x00000004   Data   RW         6278    .data               c_w.l(stdio_streams.o)
    0x20000068   0x0800bce4   0x00000004   Data   RW         6279    .data               c_w.l(stdio_streams.o)
    0x2000006c   0x0800bce8   0x00000004   Data   RW         6830    .data               c_w.l(heapauxa.o)
    0x20000070        -       0x00000280   Zero   RW           18    .bss                demoapplication.o
    0x200002f0        -       0x00000040   Zero   RW         1489    .bss                can_api.o
    0x20000330        -       0x00000214   Zero   RW         1557    .bss                gpio_irq_api.o
    0x20000544        -       0x00000040   Zero   RW         1795    .bss                mbed_retarget.o
    0x20000584        -       0x00000304   Zero   RW         2003    .bss                serial_api.o
    0x20000888        -       0x0000003c   Zero   RW         5090    .bss                us_ticker_32b.o
    0x200008c4        -       0x00000028   Zero   RW         5115    .bss                timers.o
    0x200008ec        -       0x0000001c   Zero   RW         5394    .bss                main.o
    0x20000908        -       0x00000064   Zero   RW         5785    .bss                mbed.ar(SPI.o)
    0x2000096c        -       0x00000004   Zero   RW         6125    .bss                c_w.l(rt_errno_addr.o)
    0x20000970        -       0x00000054   Zero   RW         6274    .bss                c_w.l(stdio_streams.o)
    0x200009c4        -       0x00000054   Zero   RW         6275    .bss                c_w.l(stdio_streams.o)
    0x20000a18        -       0x00000054   Zero   RW         6276    .bss                c_w.l(stdio_streams.o)
    0x20000a6c        -       0x00000004   Zero   RW         6477    .bss                c_w.l(rt_heap_descriptor.o)
    0x20000a70        -       0x00000014   Zero   RW         6881    .bss                c_w.l(rt_locale.o)


==============================================================================

Image component sizes


      Code (inc. data)   RO Data    RW Data    ZI Data      Debug   Object Name

         0          0        540          0          0          0   PeripheralPins.o
       332         32          0          8         64        496   can_api.o
        52          4          0          0          0        132   cmsis_nvic.o
      1380        174         16         12        640     773128   demoapplication.o
       458         82          0          0          0        504   gpio_api.o
       730        126          0          4        532       1236   gpio_irq_api.o
         0          0        192          0          0          0   gpio_irq_device.o
       292         38          0          4          0        260   hal_tick_32b.o
       124         38          4          0         28       3751   main.o
       182         18          0          0          0        400   mbed_board.o
        14          0          0          0          0        128   mbed_overrides.o
      1050        126        135          8         64       1916   mbed_retarget.o
       758         64        149          0          0        268   pinmap.o
       838        102        104          8        772        868   serial_api.o
        80         28          0          0          0        124   spi_api.o
        36          8        392          0          0        276   startup_stm32l476xx.o
        74         12          0          4          0        484   stm32l4xx_hal.o
        36          6          0          0          0        116   stm32l4xx_hal_cortex.o
         2          0          0          0          0        116   stm32l4xx_hal_msp_template.o
        32         10          0          0          0        232   stm32l4xx_hal_pwr_ex.o
      2452         94          0          0          0        760   stm32l4xx_hal_rcc.o
      1854         28          0          0          0        648   stm32l4xx_hal_rcc_ex.o
      3406         50          0          0          0       3408   stm32l4xx_hal_spi.o
       328         32          0          0          0        500   stm32l4xx_hal_tim.o
      1630         48          0          0          0        908   stm32l4xx_hal_uart.o
      1252        106        106          0          0       1048   stm_spi_api.o
      2638         34        152          0          0      48648   sx1280-hal.o
      2014         32         76          0          0      39608   sx1280.o
        16          6          0          0          0        116   sys.o
       472         52         72          4          0        396   system_stm32l4xx.o
       104         24          4          0         40       3000   timers.o
       164         60          0          4         60        588   us_ticker_32b.o

    ----------------------------------------------------------------------
     22840       1434       1980         56       2200     884063   Object Totals
         0          0         32          0          0          0   (incl. Generated)
        40          0          6          0          0          0   (incl. Padding)

    ----------------------------------------------------------------------

      Code (inc. data)   RO Data    RW Data    ZI Data      Debug   Library Member Name

        60          8          0          0          0         84   __0sscanf.o
         8          0          0          0          0         68   __main.o
       398          4         17          0          0         92   __printf_flags_ss_wp.o
        14          0          0          0          0         68   __printf_wp.o
         0          0          0          0          0          0   __rtentry.o
        20          0          0          0          0          0   __rtentry2.o
         6          0          0          0          0          0   __rtentry4.o
        52          8          0          0          0          0   __scatter.o
        26          0          0          0          0          0   __scatter_copy.o
        28          0          0          0          0          0   __scatter_zi.o
        28          0          0          0          0         68   _chval.o
         6          0          0          0          0          0   _printf_a.o
         6          0          0          0          0          0   _printf_c.o
        44          0          0          0          0        108   _printf_char.o
        48          6          0          0          0         96   _printf_char_common.o
        40          0          0          0          0         68   _printf_charcount.o
         6          0          0          0          0          0   _printf_d.o
       120         16          0          0          0         92   _printf_dec.o
         6          0          0          0          0          0   _printf_e.o
         6          0          0          0          0          0   _printf_f.o
      1060          0          0          0          0        216   _printf_fp_dec.o
       770          8         38          0          0        100   _printf_fp_hex.o
       128         16          0          0          0         84   _printf_fp_infnan.o
         6          0          0          0          0          0   _printf_g.o
       148          4         40          0          0        160   _printf_hex_int_ll_ptr.o
         6          0          0          0          0          0   _printf_i.o
       178          0          0          0          0         88   _printf_intcommon.o
        10          0          0          0          0          0   _printf_l.o
         6          0          0          0          0          0   _printf_lc.o
        10          0          0          0          0          0   _printf_ll.o
         6          0          0          0          0          0   _printf_lld.o
         6          0          0          0          0          0   _printf_lli.o
         6          0          0          0          0          0   _printf_llo.o
         6          0          0          0          0          0   _printf_llu.o
         6          0          0          0          0          0   _printf_llx.o
       124         16          0          0          0         92   _printf_longlong_dec.o
         6          0          0          0          0          0   _printf_ls.o
         6          0          0          0          0          0   _printf_n.o
         6          0          0          0          0          0   _printf_o.o
       112         10          0          0          0        124   _printf_oct_int_ll.o
         6          0          0          0          0          0   _printf_p.o
        78          0          0          0          0        108   _printf_pad.o
         0          0          0          0          0          0   _printf_percent.o
         4          0          0          0          0          0   _printf_percent_end.o
         6          0          0          0          0          0   _printf_s.o
        82          0          0          0          0         80   _printf_str.o
        36          0          0          0          0         84   _printf_truncate.o
         6          0          0          0          0          0   _printf_u.o
        44          0          0          0          0        108   _printf_wchar.o
       194          6          8          0          0         92   _printf_wctomb.o
         6          0          0          0          0          0   _printf_x.o
        22          0          0          0          0        100   _rserrno.o
       890          6          0          0          0        100   _scanf.o
       338          0          0          0          0         96   _scanf_int.o
        64          0          0          0          0         84   _sgetc.o
        16          0          0          0          0         68   _snputc.o
        10          0          0          0          0         68   _sputc.o
        64          0          0          0          0         92   _wcrtomb.o
        16          0          0          0          0         68   aeabi_memset.o
       228          4        148          0          0         96   bigflt0.o
      1936        128          0          0          0        672   btod.o
        10          0          0          0          0         68   defsig_exit.o
        50          0          0          0          0         88   defsig_general.o
        48         34          0          0          0         76   defsig_pvfn_inner.o
        14          0          0          0          0         80   defsig_pvfn_outer.o
        80         58          0          0          0         76   defsig_rtmem_inner.o
        14          0          0          0          0         80   defsig_rtmem_outer.o
        52         38          0          0          0         76   defsig_rtred_inner.o
        14          0          0          0          0         80   defsig_rtred_outer.o
        76          0          0          0          0         88   fclose.o
       100          4          0          0          0        120   fflush.o
        24          0          0          0          0         68   fgetc.o
       570          0          0          0          0        132   filbuf.o
       470          0          0          0          0         88   flsbuf.o
        56          6          0          0          0         80   flushlinebuffered.o
       236          4          0          0          0        128   fopen.o
        26          0          0          0          0         68   fputc.o
       248          6          0          0          0         84   fseek.o
        66          0          0          0          0         76   ftell.o
        94          0          0          0          0         80   h1_alloc.o
        52          0          0          0          0         68   h1_extend.o
        78          0          0          0          0         80   h1_free.o
        14          0          0          0          0         84   h1_init.o
        80          6          0          4          0         96   heapauxa.o
         4          0          0          0          0        136   hguard.o
         0          0          0          0          0          0   indicate_semi.o
        36         10          0          0          0         80   init_aeabi.o
       138          0          0          0          0        168   init_alloc.o
       312         46          0          0          0        112   initio.o
        18          0          0          0          0         76   isspace.o
        44         10        272          0          0         76   lc_ctype_c.o
        44         10         28          0          0         76   lc_numeric_c.o
         2          0          0          0          0          0   libinit.o
        50          0          0          0          0          0   libinit2.o
         0          0          0          0          0          0   libshutdown2.o
       138          0          0          0          0         80   lludiv10.o
       238          0          0          0          0        100   lludivv7m.o
         0          0          0          0          0          0   maybetermalloc1.o
        16          4          0          0          0         76   rt_ctype_table.o
         8          4          0          0          4         68   rt_errno_addr.o
         8          4          0          0          4         68   rt_heap_descriptor.o
         8          4          0          0         20         68   rt_locale.o
        68          0          0          0          0         68   rt_memclr.o
        78          0          0          0          0         80   rt_memclr_w.o
       100          0          0          0          0         80   rt_memcpy_w.o
        44          8          0          0          0         84   scanf_char.o
        70          0          0          0          0         80   setvbuf.o
       240          6          0          0          0        156   stdio.o
         0          0          0         12        252          0   stdio_streams.o
       128          0          0          0          0         68   strcmpv7m.o
        62          0          0          0          0         76   strlen.o
       150          0          0          0          0         80   strncmp.o
        12          4          0          0          0         68   sys_exit.o
        14          0          0          0          0         76   sys_wrch.o
         2          0          0          0          0         68   use_no_semi.o
        52          4          0          0          0         80   vsnprintf.o
        36          0          0          0          0         84   aeabi_vec_ctor_nocookie_nodtor.o
        34          0          0          0          0         84   aeabi_vec_dtor_noexceptions.o
         6          0          0          0          0         68   pure_virt.o
        24          0          0          0          0        164   basic.o
       826         16          0          0          0        492   daddsub_clz.o
        16          4          0          0          0        116   dcheck1.o
        24          0          0          0          0        116   dcmpi.o
       688        140          0          0          0        256   ddiv.o
        90          4          0          0          0        140   dfixu.o
        84          0          0          0          0        232   dflt_clz.o
       120          4          0          0          0        140   dleqf.o
       340         12          0          0          0        152   dmul.o
       156          4          0          0          0        140   dnaninf.o
        12          0          0          0          0        116   dretinf.o
       108          0          0          0          0        128   drleqf.o
       408         56          0          0          0        168   dsqrt_umaal.o
        10          0          0          0          0        116   fpinit.o
         4          0          0          0          0        116   printf1.o
         4          0          0          0          0        116   printf2.o
       100          0          0          0          0        116   retnan.o
        92          0          0          0          0        116   scalbn.o
        48          0          0          0          0        116   trapv.o
         0          0          0          0          0          0   usenofp.o
       164         44          0          0          0        620   dunder.o
        24          0          0          0          0        124   fabs.o
        48          0          0          0          0        124   fpclassify.o
       248          0          0          0          0        152   poly.o
      3200        296        136          0          0        352   pow.o
         0          0          8          0          0          0   qnan.o
       110          0          0          0          0        148   sqrt.o
       156         26          0         12          0        368   FileBase.o
       122          0          0          0          0        488   FilePath.o
       362         32         28          0          0        864   InterruptIn.o
      1074        106         48         12        100       1964   SPI.o
       122          0          0          0          0        404   SerialBase.o
        80          0          0          0          0        256   Stream.o
       168         14        113          0          0        268   Ticker.o
        96         12         20          0          0        596   TimerEvent.o
        84         52          0          0          0        136   mbed_assert.o
       228         98         82          8          0        252   mbed_critical.o
        18          0          0          0          0        128   mbed_error.o
        86          0          0          0          0        272   mbed_gpio.o
       248         76          0          0          0        384   mbed_pinmap_common.o
       244          0          0          0          0        544   mbed_ticker_api.o
        20         10         28          8          0        232   mbed_us_ticker_api.o
        92          4          0          0          0        384   mbed_wait_api_no_rtos.o

    ----------------------------------------------------------------------
     22408       1520       1024         56        380      20088   Library Totals
        54          0         10          0          0          0   (incl. Padding)

    ----------------------------------------------------------------------

      Code (inc. data)   RO Data    RW Data    ZI Data      Debug   Library Name

     12130        510        551         16        280       7736   c_w.l
        76          0          0          0          0        236   cpprt_w.l
      3154        240          0          0          0       3056   fz_wm.l
      3794        340        144          0          0       1520   m_wm.l
      3200        430        319         40        100       7540   mbed.ar

    ----------------------------------------------------------------------
     22408       1520       1024         56        380      20088   Library Totals

    ----------------------------------------------------------------------

==============================================================================


      Code (inc. data)   RO Data    RW Data    ZI Data      Debug   

     45248       2954       3004        112       2580     873127   Grand Totals
     45248       2954       3004        112       2580     873127   ELF Image Totals
     45248       2954       3004        112          0          0   ROM Totals

==============================================================================

    Total RO  Size (Code + RO Data)                48252 (  47.12kB)
    Total RW  Size (RW Data + ZI Data)              2692 (   2.63kB)
    Total ROM Size (Code + RO Data + RW Data)      48364 (  47.23kB)

==============================================================================

